#! /usr/bin/vvp
:ivl_version "11.0 (stable)";
:ivl_delay_selection "TYPICAL";
:vpi_time_precision - 12;
:vpi_module "/usr/lib/x86_64-linux-gnu/ivl/system.vpi";
:vpi_module "/usr/lib/x86_64-linux-gnu/ivl/vhdl_sys.vpi";
:vpi_module "/usr/lib/x86_64-linux-gnu/ivl/vhdl_textio.vpi";
:vpi_module "/usr/lib/x86_64-linux-gnu/ivl/v2005_math.vpi";
:vpi_module "/usr/lib/x86_64-linux-gnu/ivl/va_math.vpi";
S_0x596bb2c3cf20 .scope module, "tb_riscv" "tb_riscv" 2 4;
 .timescale -9 -12;
v0x596bb2c7ce20_0 .var "clk", 0 0;
v0x596bb2c7cec0_0 .var "rst_n", 0 0;
S_0x596bb2c3cc50 .scope begin, "$ivl_for_loop0" "$ivl_for_loop0" 2 82, 2 82 0, S_0x596bb2c3cf20;
 .timescale -9 -12;
v0x596bb2c262d0_0 .var/i "i", 31 0;
S_0x596bb2c75390 .scope module, "dut" "riscv_top" 2 12, 3 8 0, S_0x596bb2c3cf20;
 .timescale -9 -12;
    .port_info 0 /INPUT 1 "clk";
    .port_info 1 /INPUT 1 "rst_n";
L_0x596bb2c4c460 .functor BUFZ 32, L_0x596bb2c7cfd0, C4<00000000000000000000000000000000>, C4<00000000000000000000000000000000>, C4<00000000000000000000000000000000>;
L_0x596bb2c7d780 .functor BUFZ 32, L_0x596bb2c7d3f0, C4<00000000000000000000000000000000>, C4<00000000000000000000000000000000>, C4<00000000000000000000000000000000>;
L_0x596bb2c8d8f0 .functor AND 1, L_0x596bb2c8ee40, L_0x596bb2c8f050, C4<1>, C4<1>;
L_0x596bb2c8db40 .functor OR 1, L_0x596bb2c8d8f0, v0x596bb2c77080_0, C4<0>, C4<0>;
v0x596bb2c7a8a0_0 .net *"_ivl_0", 31 0, L_0x596bb2c7cfd0;  1 drivers
v0x596bb2c7a9a0_0 .net *"_ivl_10", 31 0, L_0x596bb2c7d3f0;  1 drivers
v0x596bb2c7aa80_0 .net *"_ivl_13", 7 0, L_0x596bb2c7d4c0;  1 drivers
v0x596bb2c7ab40_0 .net *"_ivl_14", 9 0, L_0x596bb2c7d5b0;  1 drivers
L_0x7b8f36a4f060 .functor BUFT 1, C4<00>, C4<0>, C4<0>, C4<0>;
v0x596bb2c7ac20_0 .net *"_ivl_17", 1 0, L_0x7b8f36a4f060;  1 drivers
L_0x7b8f36a4f0a8 .functor BUFT 1, C4<00000000000000000000000000000100>, C4<0>, C4<0>, C4<0>;
v0x596bb2c7ad00_0 .net/2u *"_ivl_20", 31 0, L_0x7b8f36a4f0a8;  1 drivers
v0x596bb2c7ade0_0 .net *"_ivl_26", 0 0, L_0x596bb2c8d8f0;  1 drivers
v0x596bb2c7aec0_0 .net *"_ivl_3", 7 0, L_0x596bb2c7d0a0;  1 drivers
v0x596bb2c7afa0_0 .net *"_ivl_4", 9 0, L_0x596bb2c7d1c0;  1 drivers
L_0x7b8f36a4f378 .functor BUFT 1, C4<00>, C4<0>, C4<0>, C4<0>;
v0x596bb2c7b080_0 .net/2u *"_ivl_40", 1 0, L_0x7b8f36a4f378;  1 drivers
v0x596bb2c7b160_0 .net *"_ivl_42", 0 0, L_0x596bb2c8f0f0;  1 drivers
L_0x7b8f36a4f3c0 .functor BUFT 1, C4<01>, C4<0>, C4<0>, C4<0>;
v0x596bb2c7b220_0 .net/2u *"_ivl_44", 1 0, L_0x7b8f36a4f3c0;  1 drivers
v0x596bb2c7b300_0 .net *"_ivl_46", 0 0, L_0x596bb2c8f210;  1 drivers
L_0x7b8f36a4f408 .functor BUFT 1, C4<10>, C4<0>, C4<0>, C4<0>;
v0x596bb2c7b3c0_0 .net/2u *"_ivl_48", 1 0, L_0x7b8f36a4f408;  1 drivers
v0x596bb2c7b4a0_0 .net *"_ivl_50", 0 0, L_0x596bb2c8f340;  1 drivers
L_0x7b8f36a4f450 .functor BUFT 1, C4<00000000000000000000000000000000>, C4<0>, C4<0>, C4<0>;
v0x596bb2c7b560_0 .net/2u *"_ivl_52", 31 0, L_0x7b8f36a4f450;  1 drivers
v0x596bb2c7b640_0 .net *"_ivl_54", 31 0, L_0x596bb2c8f4c0;  1 drivers
v0x596bb2c7b830_0 .net *"_ivl_56", 31 0, L_0x596bb2c8f600;  1 drivers
L_0x7b8f36a4f018 .functor BUFT 1, C4<00>, C4<0>, C4<0>, C4<0>;
v0x596bb2c7b910_0 .net *"_ivl_7", 1 0, L_0x7b8f36a4f018;  1 drivers
v0x596bb2c7b9f0_0 .net "alu_control", 3 0, v0x596bb2c76210_0;  1 drivers
v0x596bb2c7bab0_0 .net "alu_result", 31 0, v0x596bb2c758d0_0;  1 drivers
v0x596bb2c7bb70_0 .net "alu_src", 0 0, v0x596bb2c76e60_0;  1 drivers
v0x596bb2c7bc10_0 .net "branch", 0 0, L_0x596bb2c8ee40;  1 drivers
v0x596bb2c7bcb0_0 .net "clk", 0 0, v0x596bb2c7ce20_0;  1 drivers
v0x596bb2c7bda0 .array "dmem", 255 0, 31 0;
v0x596bb2c7be40 .array "imem", 255 0, 31 0;
v0x596bb2c7bee0_0 .net "imm_ext", 31 0, v0x596bb2c78460_0;  1 drivers
v0x596bb2c7bfa0_0 .net "imm_src", 2 0, v0x596bb2c76fa0_0;  1 drivers
v0x596bb2c7c040_0 .net "instr", 31 0, L_0x596bb2c4c460;  1 drivers
v0x596bb2c7c130_0 .net "jump", 0 0, v0x596bb2c77080_0;  1 drivers
v0x596bb2c7c220_0 .net "mem_write", 0 0, v0x596bb2c77190_0;  1 drivers
v0x596bb2c7c310_0 .net "pc", 31 0, v0x596bb2c78ac0_0;  1 drivers
v0x596bb2c7c3b0_0 .net "pc_next", 31 0, L_0x596bb2c8dc30;  1 drivers
v0x596bb2c7c450_0 .net "pc_plus4", 31 0, L_0x596bb2c8d850;  1 drivers
v0x596bb2c7c510_0 .net "pc_src", 0 0, L_0x596bb2c8db40;  1 drivers
v0x596bb2c7c5d0_0 .net "pc_target", 31 0, L_0x596bb2c8d9b0;  1 drivers
v0x596bb2c7c6b0_0 .net "rd1", 31 0, L_0x596bb2c8e2c0;  1 drivers
v0x596bb2c7c7c0_0 .net "rd2", 31 0, L_0x596bb2c8e980;  1 drivers
v0x596bb2c7c880_0 .net "read_data", 31 0, L_0x596bb2c7d780;  1 drivers
v0x596bb2c7c940_0 .net "reg_write", 0 0, v0x596bb2c77310_0;  1 drivers
v0x596bb2c7c9e0_0 .net "result", 31 0, L_0x596bb2c8f830;  1 drivers
v0x596bb2c7cad0_0 .net "result_src", 1 0, v0x596bb2c773b0_0;  1 drivers
v0x596bb2c7cbc0_0 .net "rst_n", 0 0, v0x596bb2c7cec0_0;  1 drivers
v0x596bb2c7cc60_0 .net "src_b", 31 0, L_0x596bb2c8eeb0;  1 drivers
v0x596bb2c7cd30_0 .net "zero", 0 0, L_0x596bb2c8f050;  1 drivers
L_0x596bb2c7cfd0 .array/port v0x596bb2c7be40, L_0x596bb2c7d1c0;
L_0x596bb2c7d0a0 .part v0x596bb2c78ac0_0, 2, 8;
L_0x596bb2c7d1c0 .concat [ 8 2 0 0], L_0x596bb2c7d0a0, L_0x7b8f36a4f018;
L_0x596bb2c7d3f0 .array/port v0x596bb2c7bda0, L_0x596bb2c7d5b0;
L_0x596bb2c7d4c0 .part v0x596bb2c758d0_0, 2, 8;
L_0x596bb2c7d5b0 .concat [ 8 2 0 0], L_0x596bb2c7d4c0, L_0x7b8f36a4f060;
L_0x596bb2c8d850 .arith/sum 32, v0x596bb2c78ac0_0, L_0x7b8f36a4f0a8;
L_0x596bb2c8d9b0 .arith/sum 32, v0x596bb2c78ac0_0, v0x596bb2c78460_0;
L_0x596bb2c8dc30 .functor MUXZ 32, L_0x596bb2c8d850, L_0x596bb2c8d9b0, L_0x596bb2c8db40, C4<>;
L_0x596bb2c8eb70 .part L_0x596bb2c4c460, 15, 5;
L_0x596bb2c8ec70 .part L_0x596bb2c4c460, 20, 5;
L_0x596bb2c8eda0 .part L_0x596bb2c4c460, 7, 5;
L_0x596bb2c8eeb0 .functor MUXZ 32, L_0x596bb2c8e980, v0x596bb2c78460_0, v0x596bb2c76e60_0, C4<>;
L_0x596bb2c8f0f0 .cmp/eq 2, v0x596bb2c773b0_0, L_0x7b8f36a4f378;
L_0x596bb2c8f210 .cmp/eq 2, v0x596bb2c773b0_0, L_0x7b8f36a4f3c0;
L_0x596bb2c8f340 .cmp/eq 2, v0x596bb2c773b0_0, L_0x7b8f36a4f408;
L_0x596bb2c8f4c0 .functor MUXZ 32, L_0x7b8f36a4f450, L_0x596bb2c8d850, L_0x596bb2c8f340, C4<>;
L_0x596bb2c8f600 .functor MUXZ 32, L_0x596bb2c8f4c0, L_0x596bb2c7d780, L_0x596bb2c8f210, C4<>;
L_0x596bb2c8f830 .functor MUXZ 32, L_0x596bb2c8f600, v0x596bb2c758d0_0, L_0x596bb2c8f0f0, C4<>;
L_0x596bb2c8f9c0 .part L_0x596bb2c4c460, 0, 7;
L_0x596bb2c8f6a0 .part L_0x596bb2c4c460, 12, 3;
L_0x596bb2c8fb60 .part L_0x596bb2c4c460, 25, 7;
S_0x596bb2c75540 .scope module, "alu_unit" "alu" 3 98, 4 3 0, S_0x596bb2c75390;
 .timescale -9 -12;
    .port_info 0 /INPUT 32 "src_a";
    .port_info 1 /INPUT 32 "src_b";
    .port_info 2 /INPUT 4 "alu_control";
    .port_info 3 /OUTPUT 32 "alu_result";
    .port_info 4 /OUTPUT 1 "zero";
L_0x596bb2c8ef50 .functor BUFZ 32, L_0x596bb2c8e2c0, C4<00000000000000000000000000000000>, C4<00000000000000000000000000000000>, C4<00000000000000000000000000000000>;
L_0x7b8f36a4f330 .functor BUFT 1, C4<00000000000000000000000000000000>, C4<0>, C4<0>, C4<0>;
v0x596bb2c4b720_0 .net/2u *"_ivl_2", 31 0, L_0x7b8f36a4f330;  1 drivers
v0x596bb2c757f0_0 .net "alu_control", 3 0, v0x596bb2c76210_0;  alias, 1 drivers
v0x596bb2c758d0_0 .var "alu_result", 31 0;
v0x596bb2c75990_0 .net "src_a", 31 0, L_0x596bb2c8e2c0;  alias, 1 drivers
v0x596bb2c75a70_0 .net/s "src_a_signed", 31 0, L_0x596bb2c8ef50;  1 drivers
v0x596bb2c75ba0_0 .net "src_b", 31 0, L_0x596bb2c8eeb0;  alias, 1 drivers
v0x596bb2c75c80_0 .net "zero", 0 0, L_0x596bb2c8f050;  alias, 1 drivers
E_0x596bb2c16a80 .event edge, v0x596bb2c757f0_0, v0x596bb2c75990_0, v0x596bb2c75ba0_0, v0x596bb2c75a70_0;
L_0x596bb2c8f050 .cmp/eq 32, v0x596bb2c758d0_0, L_0x7b8f36a4f330;
S_0x596bb2c75de0 .scope module, "c" "controller" 3 115, 5 3 0, S_0x596bb2c75390;
 .timescale -9 -12;
    .port_info 0 /INPUT 7 "opcode";
    .port_info 1 /INPUT 3 "funct3";
    .port_info 2 /INPUT 7 "funct7";
    .port_info 3 /OUTPUT 1 "reg_write";
    .port_info 4 /OUTPUT 1 "alu_src";
    .port_info 5 /OUTPUT 1 "mem_write";
    .port_info 6 /OUTPUT 2 "result_src";
    .port_info 7 /OUTPUT 3 "imm_src";
    .port_info 8 /OUTPUT 4 "alu_control";
    .port_info 9 /OUTPUT 1 "pc_src";
    .port_info 10 /OUTPUT 1 "jump";
L_0x596bb2c8ee40 .functor BUFZ 1, v0x596bb2c76f00_0, C4<0>, C4<0>, C4<0>;
v0x596bb2c775b0_0 .net "alu_control", 3 0, v0x596bb2c76210_0;  alias, 1 drivers
v0x596bb2c77690_0 .net "alu_op", 1 0, v0x596bb2c76d80_0;  1 drivers
v0x596bb2c777a0_0 .net "alu_src", 0 0, v0x596bb2c76e60_0;  alias, 1 drivers
v0x596bb2c77840_0 .net "branch", 0 0, v0x596bb2c76f00_0;  1 drivers
v0x596bb2c77910_0 .net "funct3", 2 0, L_0x596bb2c8f6a0;  1 drivers
v0x596bb2c77a00_0 .net "funct7", 6 0, L_0x596bb2c8fb60;  1 drivers
v0x596bb2c77ad0_0 .net "imm_src", 2 0, v0x596bb2c76fa0_0;  alias, 1 drivers
v0x596bb2c77ba0_0 .net "jump", 0 0, v0x596bb2c77080_0;  alias, 1 drivers
v0x596bb2c77c70_0 .net "mem_write", 0 0, v0x596bb2c77190_0;  alias, 1 drivers
v0x596bb2c77dd0_0 .net "opcode", 6 0, L_0x596bb2c8f9c0;  1 drivers
v0x596bb2c77e70_0 .net "pc_src", 0 0, L_0x596bb2c8ee40;  alias, 1 drivers
v0x596bb2c77f10_0 .net "reg_write", 0 0, v0x596bb2c77310_0;  alias, 1 drivers
v0x596bb2c77fb0_0 .net "result_src", 1 0, v0x596bb2c773b0_0;  alias, 1 drivers
S_0x596bb2c75fe0 .scope module, "ad" "alu_decoder" 5 35, 5 121 0, S_0x596bb2c75de0;
 .timescale -9 -12;
    .port_info 0 /INPUT 2 "alu_op";
    .port_info 1 /INPUT 3 "funct3";
    .port_info 2 /INPUT 7 "funct7";
    .port_info 3 /INPUT 7 "opcode";
    .port_info 4 /OUTPUT 4 "alu_control";
v0x596bb2c76210_0 .var "alu_control", 3 0;
v0x596bb2c762f0_0 .net "alu_op", 1 0, v0x596bb2c76d80_0;  alias, 1 drivers
v0x596bb2c763b0_0 .net "funct3", 2 0, L_0x596bb2c8f6a0;  alias, 1 drivers
v0x596bb2c76470_0 .net "funct7", 6 0, L_0x596bb2c8fb60;  alias, 1 drivers
v0x596bb2c76550_0 .net "opcode", 6 0, L_0x596bb2c8f9c0;  alias, 1 drivers
E_0x596bb2c175c0 .event edge, v0x596bb2c762f0_0, v0x596bb2c763b0_0, v0x596bb2c76550_0, v0x596bb2c76470_0;
S_0x596bb2c76720 .scope module, "md" "main_decoder" 5 22, 5 52 0, S_0x596bb2c75de0;
 .timescale -9 -12;
    .port_info 0 /INPUT 7 "opcode";
    .port_info 1 /OUTPUT 1 "reg_write";
    .port_info 2 /OUTPUT 3 "imm_src";
    .port_info 3 /OUTPUT 1 "alu_src";
    .port_info 4 /OUTPUT 1 "mem_write";
    .port_info 5 /OUTPUT 2 "result_src";
    .port_info 6 /OUTPUT 1 "branch";
    .port_info 7 /OUTPUT 2 "alu_op";
    .port_info 8 /OUTPUT 1 "jump";
P_0x596bb2bcdc40 .param/l "OP_BRANCH" 1 5 68, C4<1100011>;
P_0x596bb2bcdc80 .param/l "OP_I_TYPE" 1 5 65, C4<0010011>;
P_0x596bb2bcdcc0 .param/l "OP_JAL" 1 5 69, C4<1101111>;
P_0x596bb2bcdd00 .param/l "OP_LOAD" 1 5 66, C4<0000011>;
P_0x596bb2bcdd40 .param/l "OP_LUI" 1 5 70, C4<0110111>;
P_0x596bb2bcdd80 .param/l "OP_R_TYPE" 1 5 64, C4<0110011>;
P_0x596bb2bcddc0 .param/l "OP_STORE" 1 5 67, C4<0100011>;
v0x596bb2c76d80_0 .var "alu_op", 1 0;
v0x596bb2c76e60_0 .var "alu_src", 0 0;
v0x596bb2c76f00_0 .var "branch", 0 0;
v0x596bb2c76fa0_0 .var "imm_src", 2 0;
v0x596bb2c77080_0 .var "jump", 0 0;
v0x596bb2c77190_0 .var "mem_write", 0 0;
v0x596bb2c77250_0 .net "opcode", 6 0, L_0x596bb2c8f9c0;  alias, 1 drivers
v0x596bb2c77310_0 .var "reg_write", 0 0;
v0x596bb2c773b0_0 .var "result_src", 1 0;
E_0x596bb2befbf0 .event edge, v0x596bb2c76550_0;
S_0x596bb2c781c0 .scope module, "ext" "sign_extend" 3 88, 6 1 0, S_0x596bb2c75390;
 .timescale -9 -12;
    .port_info 0 /INPUT 32 "instr";
    .port_info 1 /INPUT 3 "imm_src";
    .port_info 2 /OUTPUT 32 "imm_ext";
v0x596bb2c78460_0 .var "imm_ext", 31 0;
v0x596bb2c78560_0 .net "imm_src", 2 0, v0x596bb2c76fa0_0;  alias, 1 drivers
v0x596bb2c78670_0 .net "instr", 31 0, L_0x596bb2c4c460;  alias, 1 drivers
E_0x596bb2c5bb90 .event edge, v0x596bb2c76fa0_0, v0x596bb2c78670_0;
S_0x596bb2c787b0 .scope module, "pcreg" "pc_reg" 3 57, 7 1 0, S_0x596bb2c75390;
 .timescale -9 -12;
    .port_info 0 /INPUT 1 "clk";
    .port_info 1 /INPUT 1 "rst_n";
    .port_info 2 /INPUT 32 "pc_next";
    .port_info 3 /OUTPUT 32 "pc";
v0x596bb2c789e0_0 .net "clk", 0 0, v0x596bb2c7ce20_0;  alias, 1 drivers
v0x596bb2c78ac0_0 .var "pc", 31 0;
v0x596bb2c78ba0_0 .net "pc_next", 31 0, L_0x596bb2c8dc30;  alias, 1 drivers
v0x596bb2c78c90_0 .net "rst_n", 0 0, v0x596bb2c7cec0_0;  alias, 1 drivers
E_0x596bb2c5bbd0/0 .event negedge, v0x596bb2c78c90_0;
E_0x596bb2c5bbd0/1 .event posedge, v0x596bb2c789e0_0;
E_0x596bb2c5bbd0 .event/or E_0x596bb2c5bbd0/0, E_0x596bb2c5bbd0/1;
S_0x596bb2c78e00 .scope module, "rf" "reg_file" 3 76, 8 1 0, S_0x596bb2c75390;
 .timescale -9 -12;
    .port_info 0 /INPUT 1 "clk";
    .port_info 1 /INPUT 1 "we3";
    .port_info 2 /INPUT 5 "a1";
    .port_info 3 /INPUT 5 "a2";
    .port_info 4 /INPUT 5 "a3";
    .port_info 5 /INPUT 32 "wd3";
    .port_info 6 /OUTPUT 32 "rd1";
    .port_info 7 /OUTPUT 32 "rd2";
v0x596bb2c791d0_0 .net *"_ivl_0", 31 0, L_0x596bb2c8de10;  1 drivers
v0x596bb2c792d0_0 .net *"_ivl_10", 6 0, L_0x596bb2c8e130;  1 drivers
L_0x7b8f36a4f180 .functor BUFT 1, C4<00>, C4<0>, C4<0>, C4<0>;
v0x596bb2c793b0_0 .net *"_ivl_13", 1 0, L_0x7b8f36a4f180;  1 drivers
L_0x7b8f36a4f1c8 .functor BUFT 1, C4<00000000000000000000000000000000>, C4<0>, C4<0>, C4<0>;
v0x596bb2c79470_0 .net/2u *"_ivl_14", 31 0, L_0x7b8f36a4f1c8;  1 drivers
v0x596bb2c79550_0 .net *"_ivl_18", 31 0, L_0x596bb2c8e450;  1 drivers
L_0x7b8f36a4f210 .functor BUFT 1, C4<000000000000000000000000000>, C4<0>, C4<0>, C4<0>;
v0x596bb2c79680_0 .net *"_ivl_21", 26 0, L_0x7b8f36a4f210;  1 drivers
L_0x7b8f36a4f258 .functor BUFT 1, C4<00000000000000000000000000000000>, C4<0>, C4<0>, C4<0>;
v0x596bb2c79760_0 .net/2u *"_ivl_22", 31 0, L_0x7b8f36a4f258;  1 drivers
v0x596bb2c79840_0 .net *"_ivl_24", 0 0, L_0x596bb2c8e610;  1 drivers
v0x596bb2c79900_0 .net *"_ivl_26", 31 0, L_0x596bb2c8e700;  1 drivers
v0x596bb2c79a70_0 .net *"_ivl_28", 6 0, L_0x596bb2c8e7f0;  1 drivers
L_0x7b8f36a4f0f0 .functor BUFT 1, C4<000000000000000000000000000>, C4<0>, C4<0>, C4<0>;
v0x596bb2c79b50_0 .net *"_ivl_3", 26 0, L_0x7b8f36a4f0f0;  1 drivers
L_0x7b8f36a4f2a0 .functor BUFT 1, C4<00>, C4<0>, C4<0>, C4<0>;
v0x596bb2c79c30_0 .net *"_ivl_31", 1 0, L_0x7b8f36a4f2a0;  1 drivers
L_0x7b8f36a4f2e8 .functor BUFT 1, C4<00000000000000000000000000000000>, C4<0>, C4<0>, C4<0>;
v0x596bb2c79d10_0 .net/2u *"_ivl_32", 31 0, L_0x7b8f36a4f2e8;  1 drivers
L_0x7b8f36a4f138 .functor BUFT 1, C4<00000000000000000000000000000000>, C4<0>, C4<0>, C4<0>;
v0x596bb2c79df0_0 .net/2u *"_ivl_4", 31 0, L_0x7b8f36a4f138;  1 drivers
v0x596bb2c79ed0_0 .net *"_ivl_6", 0 0, L_0x596bb2c8df50;  1 drivers
v0x596bb2c79f90_0 .net *"_ivl_8", 31 0, L_0x596bb2c8e090;  1 drivers
v0x596bb2c7a070_0 .net "a1", 4 0, L_0x596bb2c8eb70;  1 drivers
v0x596bb2c7a150_0 .net "a2", 4 0, L_0x596bb2c8ec70;  1 drivers
v0x596bb2c7a230_0 .net "a3", 4 0, L_0x596bb2c8eda0;  1 drivers
v0x596bb2c7a310_0 .net "clk", 0 0, v0x596bb2c7ce20_0;  alias, 1 drivers
v0x596bb2c7a3b0_0 .net "rd1", 31 0, L_0x596bb2c8e2c0;  alias, 1 drivers
v0x596bb2c7a450_0 .net "rd2", 31 0, L_0x596bb2c8e980;  alias, 1 drivers
v0x596bb2c7a510 .array "rf", 0 31, 31 0;
v0x596bb2c7a5d0_0 .net "wd3", 31 0, L_0x596bb2c8f830;  alias, 1 drivers
v0x596bb2c7a6b0_0 .net "we3", 0 0, v0x596bb2c77310_0;  alias, 1 drivers
E_0x596bb2c79150 .event posedge, v0x596bb2c789e0_0;
L_0x596bb2c8de10 .concat [ 5 27 0 0], L_0x596bb2c8eb70, L_0x7b8f36a4f0f0;
L_0x596bb2c8df50 .cmp/ne 32, L_0x596bb2c8de10, L_0x7b8f36a4f138;
L_0x596bb2c8e090 .array/port v0x596bb2c7a510, L_0x596bb2c8e130;
L_0x596bb2c8e130 .concat [ 5 2 0 0], L_0x596bb2c8eb70, L_0x7b8f36a4f180;
L_0x596bb2c8e2c0 .functor MUXZ 32, L_0x7b8f36a4f1c8, L_0x596bb2c8e090, L_0x596bb2c8df50, C4<>;
L_0x596bb2c8e450 .concat [ 5 27 0 0], L_0x596bb2c8ec70, L_0x7b8f36a4f210;
L_0x596bb2c8e610 .cmp/ne 32, L_0x596bb2c8e450, L_0x7b8f36a4f258;
L_0x596bb2c8e700 .array/port v0x596bb2c7a510, L_0x596bb2c8e7f0;
L_0x596bb2c8e7f0 .concat [ 5 2 0 0], L_0x596bb2c8ec70, L_0x7b8f36a4f2a0;
L_0x596bb2c8e980 .functor MUXZ 32, L_0x7b8f36a4f2e8, L_0x596bb2c8e700, L_0x596bb2c8e610, C4<>;
    .scope S_0x596bb2c787b0;
T_0 ;
    %wait E_0x596bb2c5bbd0;
    %load/vec4 v0x596bb2c78c90_0;
    %nor/r;
    %flag_set/vec4 8;
    %jmp/0xz  T_0.0, 8;
    %pushi/vec4 0, 0, 32;
    %assign/vec4 v0x596bb2c78ac0_0, 0;
    %jmp T_0.1;
T_0.0 ;
    %load/vec4 v0x596bb2c78ba0_0;
    %assign/vec4 v0x596bb2c78ac0_0, 0;
T_0.1 ;
    %jmp T_0;
    .thread T_0;
    .scope S_0x596bb2c78e00;
T_1 ;
    %wait E_0x596bb2c79150;
    %load/vec4 v0x596bb2c7a6b0_0;
    %load/vec4 v0x596bb2c7a230_0;
    %pad/u 32;
    %pushi/vec4 0, 0, 32;
    %cmp/ne;
    %flag_get/vec4 4;
    %and;
    %flag_set/vec4 8;
    %jmp/0xz  T_1.0, 8;
    %load/vec4 v0x596bb2c7a5d0_0;
    %load/vec4 v0x596bb2c7a230_0;
    %pad/u 7;
    %ix/vec4 3;
    %ix/load 4, 0, 0; Constant delay
    %assign/vec4/a/d v0x596bb2c7a510, 0, 4;
T_1.0 ;
    %jmp T_1;
    .thread T_1;
    .scope S_0x596bb2c781c0;
T_2 ;
    %wait E_0x596bb2c5bb90;
    %load/vec4 v0x596bb2c78560_0;
    %dup/vec4;
    %pushi/vec4 0, 0, 3;
    %cmp/u;
    %jmp/1 T_2.0, 6;
    %dup/vec4;
    %pushi/vec4 1, 0, 3;
    %cmp/u;
    %jmp/1 T_2.1, 6;
    %dup/vec4;
    %pushi/vec4 2, 0, 3;
    %cmp/u;
    %jmp/1 T_2.2, 6;
    %dup/vec4;
    %pushi/vec4 3, 0, 3;
    %cmp/u;
    %jmp/1 T_2.3, 6;
    %dup/vec4;
    %pushi/vec4 4, 0, 3;
    %cmp/u;
    %jmp/1 T_2.4, 6;
    %pushi/vec4 0, 0, 32;
    %store/vec4 v0x596bb2c78460_0, 0, 32;
    %jmp T_2.6;
T_2.0 ;
    %load/vec4 v0x596bb2c78670_0;
    %parti/s 1, 31, 6;
    %replicate 20;
    %load/vec4 v0x596bb2c78670_0;
    %parti/s 12, 20, 6;
    %concat/vec4; draw_concat_vec4
    %store/vec4 v0x596bb2c78460_0, 0, 32;
    %jmp T_2.6;
T_2.1 ;
    %load/vec4 v0x596bb2c78670_0;
    %parti/s 1, 31, 6;
    %replicate 20;
    %load/vec4 v0x596bb2c78670_0;
    %parti/s 7, 25, 6;
    %concat/vec4; draw_concat_vec4
    %load/vec4 v0x596bb2c78670_0;
    %parti/s 5, 7, 4;
    %concat/vec4; draw_concat_vec4
    %store/vec4 v0x596bb2c78460_0, 0, 32;
    %jmp T_2.6;
T_2.2 ;
    %load/vec4 v0x596bb2c78670_0;
    %parti/s 1, 31, 6;
    %replicate 20;
    %load/vec4 v0x596bb2c78670_0;
    %parti/s 1, 7, 4;
    %concat/vec4; draw_concat_vec4
    %load/vec4 v0x596bb2c78670_0;
    %parti/s 6, 25, 6;
    %concat/vec4; draw_concat_vec4
    %load/vec4 v0x596bb2c78670_0;
    %parti/s 4, 8, 5;
    %concat/vec4; draw_concat_vec4
    %concati/vec4 0, 0, 1;
    %store/vec4 v0x596bb2c78460_0, 0, 32;
    %jmp T_2.6;
T_2.3 ;
    %load/vec4 v0x596bb2c78670_0;
    %parti/s 1, 31, 6;
    %replicate 12;
    %load/vec4 v0x596bb2c78670_0;
    %parti/s 8, 12, 5;
    %concat/vec4; draw_concat_vec4
    %load/vec4 v0x596bb2c78670_0;
    %parti/s 1, 20, 6;
    %concat/vec4; draw_concat_vec4
    %load/vec4 v0x596bb2c78670_0;
    %parti/s 10, 21, 6;
    %concat/vec4; draw_concat_vec4
    %concati/vec4 0, 0, 1;
    %store/vec4 v0x596bb2c78460_0, 0, 32;
    %jmp T_2.6;
T_2.4 ;
    %load/vec4 v0x596bb2c78670_0;
    %parti/s 20, 12, 5;
    %concati/vec4 0, 0, 12;
    %store/vec4 v0x596bb2c78460_0, 0, 32;
    %jmp T_2.6;
T_2.6 ;
    %pop/vec4 1;
    %jmp T_2;
    .thread T_2, $push;
    .scope S_0x596bb2c75540;
T_3 ;
    %wait E_0x596bb2c16a80;
    %load/vec4 v0x596bb2c757f0_0;
    %dup/vec4;
    %pushi/vec4 0, 0, 4;
    %cmp/u;
    %jmp/1 T_3.0, 6;
    %dup/vec4;
    %pushi/vec4 8, 0, 4;
    %cmp/u;
    %jmp/1 T_3.1, 6;
    %dup/vec4;
    %pushi/vec4 7, 0, 4;
    %cmp/u;
    %jmp/1 T_3.2, 6;
    %dup/vec4;
    %pushi/vec4 6, 0, 4;
    %cmp/u;
    %jmp/1 T_3.3, 6;
    %dup/vec4;
    %pushi/vec4 4, 0, 4;
    %cmp/u;
    %jmp/1 T_3.4, 6;
    %dup/vec4;
    %pushi/vec4 1, 0, 4;
    %cmp/u;
    %jmp/1 T_3.5, 6;
    %dup/vec4;
    %pushi/vec4 5, 0, 4;
    %cmp/u;
    %jmp/1 T_3.6, 6;
    %dup/vec4;
    %pushi/vec4 13, 0, 4;
    %cmp/u;
    %jmp/1 T_3.7, 6;
    %dup/vec4;
    %pushi/vec4 2, 0, 4;
    %cmp/u;
    %jmp/1 T_3.8, 6;
    %dup/vec4;
    %pushi/vec4 3, 0, 4;
    %cmp/u;
    %jmp/1 T_3.9, 6;
    %dup/vec4;
    %pushi/vec4 9, 0, 4;
    %cmp/u;
    %jmp/1 T_3.10, 6;
    %pushi/vec4 0, 0, 32;
    %store/vec4 v0x596bb2c758d0_0, 0, 32;
    %jmp T_3.12;
T_3.0 ;
    %load/vec4 v0x596bb2c75990_0;
    %load/vec4 v0x596bb2c75ba0_0;
    %add;
    %store/vec4 v0x596bb2c758d0_0, 0, 32;
    %jmp T_3.12;
T_3.1 ;
    %load/vec4 v0x596bb2c75990_0;
    %load/vec4 v0x596bb2c75ba0_0;
    %sub;
    %store/vec4 v0x596bb2c758d0_0, 0, 32;
    %jmp T_3.12;
T_3.2 ;
    %load/vec4 v0x596bb2c75990_0;
    %load/vec4 v0x596bb2c75ba0_0;
    %and;
    %store/vec4 v0x596bb2c758d0_0, 0, 32;
    %jmp T_3.12;
T_3.3 ;
    %load/vec4 v0x596bb2c75990_0;
    %load/vec4 v0x596bb2c75ba0_0;
    %or;
    %store/vec4 v0x596bb2c758d0_0, 0, 32;
    %jmp T_3.12;
T_3.4 ;
    %load/vec4 v0x596bb2c75990_0;
    %load/vec4 v0x596bb2c75ba0_0;
    %xor;
    %store/vec4 v0x596bb2c758d0_0, 0, 32;
    %jmp T_3.12;
T_3.5 ;
    %load/vec4 v0x596bb2c75990_0;
    %load/vec4 v0x596bb2c75ba0_0;
    %parti/s 5, 0, 2;
    %ix/vec4 4;
    %shiftl 4;
    %store/vec4 v0x596bb2c758d0_0, 0, 32;
    %jmp T_3.12;
T_3.6 ;
    %load/vec4 v0x596bb2c75990_0;
    %load/vec4 v0x596bb2c75ba0_0;
    %parti/s 5, 0, 2;
    %ix/vec4 4;
    %shiftr 4;
    %store/vec4 v0x596bb2c758d0_0, 0, 32;
    %jmp T_3.12;
T_3.7 ;
    %load/vec4 v0x596bb2c75a70_0;
    %load/vec4 v0x596bb2c75ba0_0;
    %parti/s 5, 0, 2;
    %ix/vec4 4;
    %shiftr/s 4;
    %store/vec4 v0x596bb2c758d0_0, 0, 32;
    %jmp T_3.12;
T_3.8 ;
    %load/vec4 v0x596bb2c75a70_0;
    %load/vec4 v0x596bb2c75ba0_0;
    %cmp/s;
    %flag_mov 8, 5;
    %jmp/0 T_3.13, 8;
    %pushi/vec4 1, 0, 32;
    %jmp/1 T_3.14, 8;
T_3.13 ; End of true expr.
    %pushi/vec4 0, 0, 32;
    %jmp/0 T_3.14, 8;
 ; End of false expr.
    %blend;
T_3.14;
    %store/vec4 v0x596bb2c758d0_0, 0, 32;
    %jmp T_3.12;
T_3.9 ;
    %load/vec4 v0x596bb2c75990_0;
    %load/vec4 v0x596bb2c75ba0_0;
    %cmp/u;
    %flag_mov 8, 5;
    %jmp/0 T_3.15, 8;
    %pushi/vec4 1, 0, 32;
    %jmp/1 T_3.16, 8;
T_3.15 ; End of true expr.
    %pushi/vec4 0, 0, 32;
    %jmp/0 T_3.16, 8;
 ; End of false expr.
    %blend;
T_3.16;
    %store/vec4 v0x596bb2c758d0_0, 0, 32;
    %jmp T_3.12;
T_3.10 ;
    %load/vec4 v0x596bb2c75ba0_0;
    %store/vec4 v0x596bb2c758d0_0, 0, 32;
    %jmp T_3.12;
T_3.12 ;
    %pop/vec4 1;
    %jmp T_3;
    .thread T_3, $push;
    .scope S_0x596bb2c76720;
T_4 ;
    %wait E_0x596bb2befbf0;
    %pushi/vec4 0, 0, 1;
    %store/vec4 v0x596bb2c77310_0, 0, 1;
    %pushi/vec4 0, 0, 3;
    %store/vec4 v0x596bb2c76fa0_0, 0, 3;
    %pushi/vec4 0, 0, 1;
    %store/vec4 v0x596bb2c76e60_0, 0, 1;
    %pushi/vec4 0, 0, 1;
    %store/vec4 v0x596bb2c77190_0, 0, 1;
    %pushi/vec4 0, 0, 2;
    %store/vec4 v0x596bb2c773b0_0, 0, 2;
    %pushi/vec4 0, 0, 1;
    %store/vec4 v0x596bb2c76f00_0, 0, 1;
    %pushi/vec4 0, 0, 2;
    %store/vec4 v0x596bb2c76d80_0, 0, 2;
    %pushi/vec4 0, 0, 1;
    %store/vec4 v0x596bb2c77080_0, 0, 1;
    %load/vec4 v0x596bb2c77250_0;
    %dup/vec4;
    %pushi/vec4 51, 0, 7;
    %cmp/u;
    %jmp/1 T_4.0, 6;
    %dup/vec4;
    %pushi/vec4 19, 0, 7;
    %cmp/u;
    %jmp/1 T_4.1, 6;
    %dup/vec4;
    %pushi/vec4 3, 0, 7;
    %cmp/u;
    %jmp/1 T_4.2, 6;
    %dup/vec4;
    %pushi/vec4 35, 0, 7;
    %cmp/u;
    %jmp/1 T_4.3, 6;
    %dup/vec4;
    %pushi/vec4 99, 0, 7;
    %cmp/u;
    %jmp/1 T_4.4, 6;
    %dup/vec4;
    %pushi/vec4 111, 0, 7;
    %cmp/u;
    %jmp/1 T_4.5, 6;
    %dup/vec4;
    %pushi/vec4 55, 0, 7;
    %cmp/u;
    %jmp/1 T_4.6, 6;
    %jmp T_4.7;
T_4.0 ;
    %pushi/vec4 1, 0, 1;
    %store/vec4 v0x596bb2c77310_0, 0, 1;
    %pushi/vec4 2, 0, 2;
    %store/vec4 v0x596bb2c76d80_0, 0, 2;
    %jmp T_4.7;
T_4.1 ;
    %pushi/vec4 1, 0, 1;
    %store/vec4 v0x596bb2c77310_0, 0, 1;
    %pushi/vec4 1, 0, 1;
    %store/vec4 v0x596bb2c76e60_0, 0, 1;
    %pushi/vec4 2, 0, 2;
    %store/vec4 v0x596bb2c76d80_0, 0, 2;
    %jmp T_4.7;
T_4.2 ;
    %pushi/vec4 1, 0, 1;
    %store/vec4 v0x596bb2c77310_0, 0, 1;
    %pushi/vec4 1, 0, 1;
    %store/vec4 v0x596bb2c76e60_0, 0, 1;
    %pushi/vec4 0, 0, 3;
    %store/vec4 v0x596bb2c76fa0_0, 0, 3;
    %pushi/vec4 1, 0, 2;
    %store/vec4 v0x596bb2c773b0_0, 0, 2;
    %pushi/vec4 0, 0, 2;
    %store/vec4 v0x596bb2c76d80_0, 0, 2;
    %jmp T_4.7;
T_4.3 ;
    %pushi/vec4 1, 0, 1;
    %store/vec4 v0x596bb2c77190_0, 0, 1;
    %pushi/vec4 1, 0, 1;
    %store/vec4 v0x596bb2c76e60_0, 0, 1;
    %pushi/vec4 1, 0, 3;
    %store/vec4 v0x596bb2c76fa0_0, 0, 3;
    %pushi/vec4 0, 0, 2;
    %store/vec4 v0x596bb2c76d80_0, 0, 2;
    %jmp T_4.7;
T_4.4 ;
    %pushi/vec4 1, 0, 1;
    %store/vec4 v0x596bb2c76f00_0, 0, 1;
    %pushi/vec4 1, 0, 2;
    %store/vec4 v0x596bb2c76d80_0, 0, 2;
    %pushi/vec4 2, 0, 3;
    %store/vec4 v0x596bb2c76fa0_0, 0, 3;
    %jmp T_4.7;
T_4.5 ;
    %pushi/vec4 1, 0, 1;
    %store/vec4 v0x596bb2c77080_0, 0, 1;
    %pushi/vec4 1, 0, 1;
    %store/vec4 v0x596bb2c77310_0, 0, 1;
    %pushi/vec4 3, 0, 3;
    %store/vec4 v0x596bb2c76fa0_0, 0, 3;
    %pushi/vec4 2, 0, 2;
    %store/vec4 v0x596bb2c773b0_0, 0, 2;
    %jmp T_4.7;
T_4.6 ;
    %pushi/vec4 1, 0, 1;
    %store/vec4 v0x596bb2c77310_0, 0, 1;
    %pushi/vec4 1, 0, 1;
    %store/vec4 v0x596bb2c76e60_0, 0, 1;
    %pushi/vec4 4, 0, 3;
    %store/vec4 v0x596bb2c76fa0_0, 0, 3;
    %pushi/vec4 3, 0, 2;
    %store/vec4 v0x596bb2c76d80_0, 0, 2;
    %jmp T_4.7;
T_4.7 ;
    %pop/vec4 1;
    %jmp T_4;
    .thread T_4, $push;
    .scope S_0x596bb2c75fe0;
T_5 ;
    %wait E_0x596bb2c175c0;
    %load/vec4 v0x596bb2c762f0_0;
    %dup/vec4;
    %pushi/vec4 0, 0, 2;
    %cmp/u;
    %jmp/1 T_5.0, 6;
    %dup/vec4;
    %pushi/vec4 1, 0, 2;
    %cmp/u;
    %jmp/1 T_5.1, 6;
    %dup/vec4;
    %pushi/vec4 3, 0, 2;
    %cmp/u;
    %jmp/1 T_5.2, 6;
    %dup/vec4;
    %pushi/vec4 2, 0, 2;
    %cmp/u;
    %jmp/1 T_5.3, 6;
    %jmp T_5.4;
T_5.0 ;
    %pushi/vec4 0, 0, 4;
    %store/vec4 v0x596bb2c76210_0, 0, 4;
    %jmp T_5.4;
T_5.1 ;
    %pushi/vec4 8, 0, 4;
    %store/vec4 v0x596bb2c76210_0, 0, 4;
    %jmp T_5.4;
T_5.2 ;
    %pushi/vec4 9, 0, 4;
    %store/vec4 v0x596bb2c76210_0, 0, 4;
    %jmp T_5.4;
T_5.3 ;
    %load/vec4 v0x596bb2c763b0_0;
    %dup/vec4;
    %pushi/vec4 0, 0, 3;
    %cmp/u;
    %jmp/1 T_5.5, 6;
    %dup/vec4;
    %pushi/vec4 1, 0, 3;
    %cmp/u;
    %jmp/1 T_5.6, 6;
    %dup/vec4;
    %pushi/vec4 2, 0, 3;
    %cmp/u;
    %jmp/1 T_5.7, 6;
    %dup/vec4;
    %pushi/vec4 3, 0, 3;
    %cmp/u;
    %jmp/1 T_5.8, 6;
    %dup/vec4;
    %pushi/vec4 4, 0, 3;
    %cmp/u;
    %jmp/1 T_5.9, 6;
    %dup/vec4;
    %pushi/vec4 5, 0, 3;
    %cmp/u;
    %jmp/1 T_5.10, 6;
    %dup/vec4;
    %pushi/vec4 6, 0, 3;
    %cmp/u;
    %jmp/1 T_5.11, 6;
    %dup/vec4;
    %pushi/vec4 7, 0, 3;
    %cmp/u;
    %jmp/1 T_5.12, 6;
    %pushi/vec4 0, 0, 4;
    %store/vec4 v0x596bb2c76210_0, 0, 4;
    %jmp T_5.14;
T_5.5 ;
    %load/vec4 v0x596bb2c76550_0;
    %pushi/vec4 51, 0, 7;
    %cmp/e;
    %flag_get/vec4 4;
    %load/vec4 v0x596bb2c76470_0;
    %parti/s 1, 5, 4;
    %and;
    %flag_set/vec4 8;
    %jmp/0xz  T_5.15, 8;
    %pushi/vec4 8, 0, 4;
    %store/vec4 v0x596bb2c76210_0, 0, 4;
    %jmp T_5.16;
T_5.15 ;
    %pushi/vec4 0, 0, 4;
    %store/vec4 v0x596bb2c76210_0, 0, 4;
T_5.16 ;
    %jmp T_5.14;
T_5.6 ;
    %pushi/vec4 1, 0, 4;
    %store/vec4 v0x596bb2c76210_0, 0, 4;
    %jmp T_5.14;
T_5.7 ;
    %pushi/vec4 2, 0, 4;
    %store/vec4 v0x596bb2c76210_0, 0, 4;
    %jmp T_5.14;
T_5.8 ;
    %pushi/vec4 3, 0, 4;
    %store/vec4 v0x596bb2c76210_0, 0, 4;
    %jmp T_5.14;
T_5.9 ;
    %pushi/vec4 4, 0, 4;
    %store/vec4 v0x596bb2c76210_0, 0, 4;
    %jmp T_5.14;
T_5.10 ;
    %load/vec4 v0x596bb2c76470_0;
    %parti/s 1, 5, 4;
    %flag_set/vec4 8;
    %jmp/0xz  T_5.17, 8;
    %pushi/vec4 13, 0, 4;
    %store/vec4 v0x596bb2c76210_0, 0, 4;
    %jmp T_5.18;
T_5.17 ;
    %pushi/vec4 5, 0, 4;
    %store/vec4 v0x596bb2c76210_0, 0, 4;
T_5.18 ;
    %jmp T_5.14;
T_5.11 ;
    %pushi/vec4 6, 0, 4;
    %store/vec4 v0x596bb2c76210_0, 0, 4;
    %jmp T_5.14;
T_5.12 ;
    %pushi/vec4 7, 0, 4;
    %store/vec4 v0x596bb2c76210_0, 0, 4;
    %jmp T_5.14;
T_5.14 ;
    %pop/vec4 1;
    %jmp T_5.4;
T_5.4 ;
    %pop/vec4 1;
    %jmp T_5;
    .thread T_5, $push;
    .scope S_0x596bb2c75390;
T_6 ;
    %wait E_0x596bb2c79150;
    %load/vec4 v0x596bb2c7c220_0;
    %flag_set/vec4 8;
    %jmp/0xz  T_6.0, 8;
    %load/vec4 v0x596bb2c7c7c0_0;
    %load/vec4 v0x596bb2c7bab0_0;
    %parti/s 8, 2, 3;
    %pad/u 10;
    %ix/vec4 3;
    %ix/load 4, 0, 0; Constant delay
    %assign/vec4/a/d v0x596bb2c7bda0, 0, 4;
T_6.0 ;
    %jmp T_6;
    .thread T_6;
    .scope S_0x596bb2c3cf20;
T_7 ;
    %delay 5000, 0;
    %load/vec4 v0x596bb2c7ce20_0;
    %inv;
    %store/vec4 v0x596bb2c7ce20_0, 0, 1;
    %jmp T_7;
    .thread T_7;
    .scope S_0x596bb2c3cf20;
T_8 ;
    %pushi/vec4 0, 0, 1;
    %store/vec4 v0x596bb2c7ce20_0, 0, 1;
    %pushi/vec4 0, 0, 1;
    %store/vec4 v0x596bb2c7cec0_0, 0, 1;
    %vpi_call 2 27 "$readmemh", "test.hex", v0x596bb2c7be40 {0 0 0};
    %delay 20000, 0;
    %pushi/vec4 1, 0, 1;
    %store/vec4 v0x596bb2c7cec0_0, 0, 1;
    %delay 5000000, 0;
    %vpi_call 2 36 "$display", "-------------------------------------------------------------" {0 0 0};
    %vpi_call 2 37 "$display", "Verification Report (Updated Test)" {0 0 0};
    %vpi_call 2 38 "$display", "-------------------------------------------------------------" {0 0 0};
    %vpi_call 2 39 "$display", "Register File Content:" {0 0 0};
    %vpi_call 2 40 "$display", "x1 (Base Addr): %h (Expected: 10000000)", &A<v0x596bb2c7a510, 1> {0 0 0};
    %vpi_call 2 41 "$display", "x2 (10):        %h (Expected: 0000000a)", &A<v0x596bb2c7a510, 2> {0 0 0};
    %vpi_call 2 42 "$display", "x3 (-5):        %h (Expected: fffffffb)", &A<v0x596bb2c7a510, 3> {0 0 0};
    %vpi_call 2 43 "$display", "x4 (ADDI):      %h (Expected: 0000001e)", &A<v0x596bb2c7a510, 4> {0 0 0};
    %vpi_call 2 44 "$display", "x5 (XORI):      %h (Expected: fffffff5)", &A<v0x596bb2c7a510, 5> {0 0 0};
    %vpi_call 2 45 "$display", "x6 (ANDI):      %h (Expected: 00000005)", &A<v0x596bb2c7a510, 6> {0 0 0};
    %vpi_call 2 46 "$display", "x7 (ORI):       %h (Expected: 00000015)", &A<v0x596bb2c7a510, 7> {0 0 0};
    %vpi_call 2 47 "$display", "x8 (SLLI):      %h (Expected: 00000028)", &A<v0x596bb2c7a510, 8> {0 0 0};
    %vpi_call 2 48 "$display", "x9 (SRLI):      %h (Expected: 3ffffffe)", &A<v0x596bb2c7a510, 9> {0 0 0};
    %vpi_call 2 49 "$display", "x10 (SRAI):     %h (Expected: fffffffe)", &A<v0x596bb2c7a510, 10> {0 0 0};
    %vpi_call 2 50 "$display", "x11 (SLTI):     %h (Expected: 00000001)", &A<v0x596bb2c7a510, 11> {0 0 0};
    %vpi_call 2 51 "$display", "x12 (SLTIU):    %h (Expected: 00000000)", &A<v0x596bb2c7a510, 12> {0 0 0};
    %vpi_call 2 52 "$display", "x13 (ADD):      %h (Expected: 00000005)", &A<v0x596bb2c7a510, 13> {0 0 0};
    %vpi_call 2 53 "$display", "x14 (SUB):      %h (Expected: 0000000f)", &A<v0x596bb2c7a510, 14> {0 0 0};
    %vpi_call 2 54 "$display", "x15 (AND):      %h (Expected: 0000000a)", &A<v0x596bb2c7a510, 15> {0 0 0};
    %vpi_call 2 55 "$display", "x16 (OR):       %h (Expected: fffffffb)", &A<v0x596bb2c7a510, 16> {0 0 0};
    %vpi_call 2 56 "$display", "x17 (XOR):      %h (Expected: fffffff1)", &A<v0x596bb2c7a510, 17> {0 0 0};
    %vpi_call 2 57 "$display", "x18 (1):        %h (Expected: 00000001)", &A<v0x596bb2c7a510, 18> {0 0 0};
    %vpi_call 2 58 "$display", "x19 (SLL):      %h (Expected: 00000014)", &A<v0x596bb2c7a510, 19> {0 0 0};
    %vpi_call 2 59 "$display", "x20 (SRL):      %h (Expected: 7ffffffd)", &A<v0x596bb2c7a510, 20> {0 0 0};
    %vpi_call 2 60 "$display", "x21 (SRA):      %h (Expected: fffffffd)", &A<v0x596bb2c7a510, 21> {0 0 0};
    %vpi_call 2 61 "$display", "x22 (SLT):      %h (Expected: 00000001)", &A<v0x596bb2c7a510, 22> {0 0 0};
    %vpi_call 2 62 "$display", "x23 (SLTU):     %h (Expected: 00000000)", &A<v0x596bb2c7a510, 23> {0 0 0};
    %vpi_call 2 63 "$display", "x24 (LW):       %h (Expected: 00000001)", &A<v0x596bb2c7a510, 24> {0 0 0};
    %vpi_call 2 64 "$display", "x25 (PASS):     %h (Expected: 00000001)", &A<v0x596bb2c7a510, 25> {0 0 0};
    %vpi_call 2 65 "$display", "-------------------------------------------------------------" {0 0 0};
    %vpi_call 2 67 "$display", "Simulation finished." {0 0 0};
    %vpi_call 2 68 "$finish" {0 0 0};
    %end;
    .thread T_8;
    .scope S_0x596bb2c3cf20;
T_9 ;
    %vpi_call 2 73 "$monitor", "Time: %t | PC: %h | Instr: %h | Result: %h | RegWrite: %b", $time, v0x596bb2c7c310_0, v0x596bb2c7c040_0, v0x596bb2c7c9e0_0, v0x596bb2c7c940_0 {0 0 0};
    %end;
    .thread T_9;
    .scope S_0x596bb2c3cf20;
T_10 ;
    %vpi_call 2 79 "$dumpfile", "riscv_wave.vcd" {0 0 0};
    %vpi_call 2 80 "$dumpvars", 32'sb00000000000000000000000000000000, S_0x596bb2c3cf20 {0 0 0};
    %fork t_1, S_0x596bb2c3cc50;
    %jmp t_0;
    .scope S_0x596bb2c3cc50;
t_1 ;
    %pushi/vec4 0, 0, 32;
    %store/vec4 v0x596bb2c262d0_0, 0, 32;
T_10.0 ;
    %load/vec4 v0x596bb2c262d0_0;
    %cmpi/s 32, 0, 32;
    %jmp/0xz T_10.1, 5;
    %vpi_call 2 83 "$dumpvars", 32'sb00000000000000000000000000000000, &A<v0x596bb2c7a510, v0x596bb2c262d0_0 > {0 0 0};
    %load/vec4 v0x596bb2c262d0_0;
    %addi 1, 0, 32;
    %store/vec4 v0x596bb2c262d0_0, 0, 32;
    %jmp T_10.0;
T_10.1 ;
    %end;
    .scope S_0x596bb2c3cf20;
t_0 %join;
    %end;
    .thread T_10;
# The file index is used to find the file name in the following table.
:file_names 9;
    "N/A";
    "<interactive>";
    "/home/chronos/riscv/tb.v";
    "./riscv_top.v";
    "./alu.v";
    "./controller.v";
    "./sign_extend.v";
    "./pc_reg.v";
    "./reg_file.v";
