Copyright 1986-2021 Xilinx, Inc. All Rights Reserved.
------------------------------------------------------------------------------------
| Tool Version : Vivado v.2021.2 (win64) Build 3367213 Tue Oct 19 02:48:09 MDT 2021
| Date         : Fri Feb 20 06:34:29 2026
| Host         : Rays-PC running 64-bit major release  (build 9200)
| Command      : upgrade_ip
| Device       : xc7z020clg400-1
------------------------------------------------------------------------------------

Upgrade Log for IP 'ip_integrator_rv_pl_ip_0_0'

1. Summary
----------

SUCCESS in the upgrade of ip_integrator_rv_pl_ip_0_0 (xilinx.com:user:rv_pl_ip:1.0) from (Rev. 1) to (Rev. 2)






Copyright 1986-2021 Xilinx, Inc. All Rights Reserved.
------------------------------------------------------------------------------------
| Tool Version : Vivado v.2021.2 (win64) Build 3367213 Tue Oct 19 02:48:09 MDT 2021
| Date         : Fri Feb 20 06:10:07 2026
| Host         : Rays-PC running 64-bit major release  (build 9200)
| Command      : upgrade_ip
| Device       : xc7z020clg400-1
------------------------------------------------------------------------------------

Upgrade Log for IP 'ip_integrator_rv_pl_ip_0_0'

1. Summary
----------

SUCCESS in the upgrade of ip_integrator_rv_pl_ip_0_0 (xilinx.com:user:rv_pl_ip:1.0) from (Rev. 2) to (Rev. 1)






Copyright 1986-2021 Xilinx, Inc. All Rights Reserved.
------------------------------------------------------------------------------------
| Tool Version : Vivado v.2021.2 (win64) Build 3367213 Tue Oct 19 02:48:09 MDT 2021
| Date         : Fri Feb 20 05:22:36 2026
| Host         : Rays-PC running 64-bit major release  (build 9200)
| Command      : upgrade_ip
| Device       : xc7z020clg400-1
------------------------------------------------------------------------------------

Upgrade Log for IP 'ip_integrator_rv_pl_ip_0_0'

1. Summary
----------

SUCCESS in the conversion of ip_integrator_rv_pl_ip_0_0 (xilinx.com:user:rv_pl_ip:1.0 (Rev. 2)) to Vivado generation flows.






Copyright 1986-2021 Xilinx, Inc. All Rights Reserved.
------------------------------------------------------------------------------------
| Tool Version : Vivado v.2021.2 (win64) Build 3367213 Tue Oct 19 02:48:09 MDT 2021
| Date         : Fri Feb 20 04:43:24 2026
| Host         : Rays-PC running 64-bit major release  (build 9200)
| Command      : upgrade_ip
| Device       : xc7z020clg400-1
------------------------------------------------------------------------------------

Upgrade Log for IP 'ip_integrator_rv_pl_ip_0_0'

1. Summary
----------

SUCCESS in the conversion of ip_integrator_rv_pl_ip_0_0 (xilinx.com:user:rv_pl_ip:1.0 (Rev. 2)) to Vivado generation flows.






Copyright 1986-2021 Xilinx, Inc. All Rights Reserved.
------------------------------------------------------------------------------------
| Tool Version : Vivado v.2021.2 (win64) Build 3367213 Tue Oct 19 02:48:09 MDT 2021
| Date         : Fri Feb 20 03:47:24 2026
| Host         : Rays-PC running 64-bit major release  (build 9200)
| Command      : upgrade_ip
| Device       : xc7z020clg400-1
------------------------------------------------------------------------------------

Upgrade Log for IP 'ip_integrator_rv_pl_ip_0_0'

1. Summary
----------

SUCCESS in the conversion of ip_integrator_rv_pl_ip_0_0 (xilinx.com:user:rv_pl_ip:1.0 (Rev. 2)) to Vivado generation flows.






Copyright 1986-2021 Xilinx, Inc. All Rights Reserved.
------------------------------------------------------------------------------------
| Tool Version : Vivado v.2021.2 (win64) Build 3367213 Tue Oct 19 02:48:09 MDT 2021
| Date         : Fri Feb 20 03:35:29 2026
| Host         : Rays-PC running 64-bit major release  (build 9200)
| Command      : upgrade_ip
| Device       : xc7z020clg400-1
------------------------------------------------------------------------------------

Upgrade Log for IP 'ip_integrator_rv_pl_ip_0_0'

1. Summary
----------

SUCCESS in the upgrade of ip_integrator_rv_pl_ip_0_0 (xilinx.com:user:rv_pl_ip:1.0) from (Rev. 3) to (Rev. 2)






Copyright 1986-2021 Xilinx, Inc. All Rights Reserved.
------------------------------------------------------------------------------------
| Tool Version : Vivado v.2021.2 (win64) Build 3367213 Tue Oct 19 02:48:09 MDT 2021
| Date         : Fri Feb 20 02:12:46 2026
| Host         : Rays-PC running 64-bit major release  (build 9200)
| Command      : upgrade_ip
| Device       : xc7z020clg400-1
------------------------------------------------------------------------------------

Upgrade Log for IP 'ip_integrator_rv_pl_ip_0_0'

1. Summary
----------

CAUTION (success, with warnings) in the upgrade of ip_integrator_rv_pl_ip_0_0 (xilinx.com:user:rv_pl_ip:1.0) from (Rev. 2) to (Rev. 3)

After upgrade, an IP may have parameter and port differences compared to the original customization. Please review the parameters within the IP customization GUI to ensure proper functionality. Also, please review the updated IP instantiation template to ensure proper connectivity, and update your design if required.

2. Connection Warnings
----------------------

Detected external port differences while upgrading 'ip_integrator_rv_pl_ip_0_0'. These changes may impact your design.


-Upgraded port 'd_addrb' width 32 differs from original width 12

-Upgraded port 'i_addrb' width 32 differs from original width 12







Copyright 1986-2021 Xilinx, Inc. All Rights Reserved.
------------------------------------------------------------------------------------
| Tool Version : Vivado v.2021.2 (win64) Build 3367213 Tue Oct 19 02:48:09 MDT 2021
| Date         : Fri Feb 20 02:08:01 2026
| Host         : Rays-PC running 64-bit major release  (build 9200)
| Command      : upgrade_ip
| Device       : xc7z020clg400-1
------------------------------------------------------------------------------------

Upgrade Log for IP 'ip_integrator_rv_pl_ip_0_0'

1. Summary
----------

SUCCESS in the conversion of ip_integrator_rv_pl_ip_0_0 (xilinx.com:user:rv_pl_ip:1.0 (Rev. 2)) to Vivado generation flows.

