#! /usr/bin/vvp
:ivl_version "11.0 (stable)";
:ivl_delay_selection "TYPICAL";
:vpi_time_precision - 12;
:vpi_module "/usr/lib/x86_64-linux-gnu/ivl/system.vpi";
:vpi_module "/usr/lib/x86_64-linux-gnu/ivl/vhdl_sys.vpi";
:vpi_module "/usr/lib/x86_64-linux-gnu/ivl/vhdl_textio.vpi";
:vpi_module "/usr/lib/x86_64-linux-gnu/ivl/v2005_math.vpi";
:vpi_module "/usr/lib/x86_64-linux-gnu/ivl/va_math.vpi";
S_0x5b996fd53140 .scope module, "tb_riscv" "tb_riscv" 2 4;
 .timescale -9 -12;
v0x5b996fd857f0_0 .var "clk", 0 0;
v0x5b996fd85890_0 .var "rst_n", 0 0;
S_0x5b996fd52e70 .scope begin, "$ivl_for_loop0" "$ivl_for_loop0" 2 53, 2 53 0, S_0x5b996fd53140;
 .timescale -9 -12;
v0x5b996fd41e60_0 .var/i "i", 31 0;
S_0x5b996fd7db50 .scope module, "dut" "riscv_top" 2 12, 3 8 0, S_0x5b996fd53140;
 .timescale -9 -12;
    .port_info 0 /INPUT 1 "clk";
    .port_info 1 /INPUT 1 "rst_n";
L_0x5b996fd629b0 .functor BUFZ 32, L_0x5b996fd859a0, C4<00000000000000000000000000000000>, C4<00000000000000000000000000000000>, C4<00000000000000000000000000000000>;
L_0x5b996fd86150 .functor BUFZ 32, L_0x5b996fd85dc0, C4<00000000000000000000000000000000>, C4<00000000000000000000000000000000>, C4<00000000000000000000000000000000>;
o0x7ec083887738 .functor BUFZ 1, C4<z>; HiZ drive
L_0x5b996fd962c0 .functor AND 1, o0x7ec083887738, L_0x5b996fd97a20, C4<1>, C4<1>;
L_0x5b996fd96510 .functor OR 1, L_0x5b996fd962c0, v0x5b996fd7f840_0, C4<0>, C4<0>;
v0x5b996fd83060_0 .net *"_ivl_0", 31 0, L_0x5b996fd859a0;  1 drivers
v0x5b996fd83160_0 .net *"_ivl_10", 31 0, L_0x5b996fd85dc0;  1 drivers
v0x5b996fd83240_0 .net *"_ivl_13", 7 0, L_0x5b996fd85e90;  1 drivers
v0x5b996fd83300_0 .net *"_ivl_14", 9 0, L_0x5b996fd85f80;  1 drivers
L_0x7ec08383e060 .functor BUFT 1, C4<00>, C4<0>, C4<0>, C4<0>;
v0x5b996fd833e0_0 .net *"_ivl_17", 1 0, L_0x7ec08383e060;  1 drivers
L_0x7ec08383e0a8 .functor BUFT 1, C4<00000000000000000000000000000100>, C4<0>, C4<0>, C4<0>;
v0x5b996fd834c0_0 .net/2u *"_ivl_20", 31 0, L_0x7ec08383e0a8;  1 drivers
v0x5b996fd835a0_0 .net *"_ivl_26", 0 0, L_0x5b996fd962c0;  1 drivers
v0x5b996fd83680_0 .net *"_ivl_3", 7 0, L_0x5b996fd85a70;  1 drivers
v0x5b996fd83760_0 .net *"_ivl_4", 9 0, L_0x5b996fd85b90;  1 drivers
L_0x7ec08383e378 .functor BUFT 1, C4<00>, C4<0>, C4<0>, C4<0>;
v0x5b996fd83840_0 .net/2u *"_ivl_40", 1 0, L_0x7ec08383e378;  1 drivers
v0x5b996fd83920_0 .net *"_ivl_42", 0 0, L_0x5b996fd97ac0;  1 drivers
L_0x7ec08383e3c0 .functor BUFT 1, C4<01>, C4<0>, C4<0>, C4<0>;
v0x5b996fd839e0_0 .net/2u *"_ivl_44", 1 0, L_0x7ec08383e3c0;  1 drivers
v0x5b996fd83ac0_0 .net *"_ivl_46", 0 0, L_0x5b996fd97be0;  1 drivers
L_0x7ec08383e408 .functor BUFT 1, C4<10>, C4<0>, C4<0>, C4<0>;
v0x5b996fd83b80_0 .net/2u *"_ivl_48", 1 0, L_0x7ec08383e408;  1 drivers
v0x5b996fd83c60_0 .net *"_ivl_50", 0 0, L_0x5b996fd97d10;  1 drivers
L_0x7ec08383e450 .functor BUFT 1, C4<00000000000000000000000000000000>, C4<0>, C4<0>, C4<0>;
v0x5b996fd83d20_0 .net/2u *"_ivl_52", 31 0, L_0x7ec08383e450;  1 drivers
v0x5b996fd83e00_0 .net *"_ivl_54", 31 0, L_0x5b996fd97e90;  1 drivers
v0x5b996fd83ff0_0 .net *"_ivl_56", 31 0, L_0x5b996fd97fd0;  1 drivers
L_0x7ec08383e018 .functor BUFT 1, C4<00>, C4<0>, C4<0>, C4<0>;
v0x5b996fd840d0_0 .net *"_ivl_7", 1 0, L_0x7ec08383e018;  1 drivers
v0x5b996fd841b0_0 .net "alu_control", 3 0, v0x5b996fd7e9d0_0;  1 drivers
v0x5b996fd84270_0 .net "alu_result", 31 0, v0x5b996fd7e090_0;  1 drivers
v0x5b996fd84330_0 .net "alu_src", 0 0, v0x5b996fd7f620_0;  1 drivers
v0x5b996fd843d0_0 .net "branch", 0 0, o0x7ec083887738;  0 drivers
v0x5b996fd84470_0 .net "clk", 0 0, v0x5b996fd857f0_0;  1 drivers
v0x5b996fd84560 .array "dmem", 255 0, 31 0;
v0x5b996fd84600 .array "imem", 255 0, 31 0;
v0x5b996fd846a0_0 .net "imm_ext", 31 0, v0x5b996fd80c20_0;  1 drivers
v0x5b996fd84760_0 .net "imm_src", 2 0, v0x5b996fd7f760_0;  1 drivers
v0x5b996fd84800_0 .net "instr", 31 0, L_0x5b996fd629b0;  1 drivers
v0x5b996fd848f0_0 .net "jump", 0 0, v0x5b996fd7f840_0;  1 drivers
v0x5b996fd849e0_0 .net "mem_write", 0 0, v0x5b996fd7f950_0;  1 drivers
v0x5b996fd84ad0_0 .net "pc", 31 0, v0x5b996fd81280_0;  1 drivers
v0x5b996fd84b70_0 .net "pc_next", 31 0, L_0x5b996fd96600;  1 drivers
v0x5b996fd84e20_0 .net "pc_plus4", 31 0, L_0x5b996fd96220;  1 drivers
v0x5b996fd84ee0_0 .net "pc_src", 0 0, L_0x5b996fd96510;  1 drivers
v0x5b996fd84fa0_0 .net "pc_target", 31 0, L_0x5b996fd96380;  1 drivers
v0x5b996fd85080_0 .net "rd1", 31 0, L_0x5b996fd96c90;  1 drivers
v0x5b996fd85190_0 .net "rd2", 31 0, L_0x5b996fd97350;  1 drivers
v0x5b996fd85250_0 .net "read_data", 31 0, L_0x5b996fd86150;  1 drivers
v0x5b996fd85310_0 .net "reg_write", 0 0, v0x5b996fd7fad0_0;  1 drivers
v0x5b996fd853b0_0 .net "result", 31 0, L_0x5b996fd98200;  1 drivers
v0x5b996fd854a0_0 .net "result_src", 1 0, v0x5b996fd7fb70_0;  1 drivers
v0x5b996fd85590_0 .net "rst_n", 0 0, v0x5b996fd85890_0;  1 drivers
v0x5b996fd85630_0 .net "src_b", 31 0, L_0x5b996fd97880;  1 drivers
v0x5b996fd85700_0 .net "zero", 0 0, L_0x5b996fd97a20;  1 drivers
L_0x5b996fd859a0 .array/port v0x5b996fd84600, L_0x5b996fd85b90;
L_0x5b996fd85a70 .part v0x5b996fd81280_0, 2, 8;
L_0x5b996fd85b90 .concat [ 8 2 0 0], L_0x5b996fd85a70, L_0x7ec08383e018;
L_0x5b996fd85dc0 .array/port v0x5b996fd84560, L_0x5b996fd85f80;
L_0x5b996fd85e90 .part v0x5b996fd7e090_0, 2, 8;
L_0x5b996fd85f80 .concat [ 8 2 0 0], L_0x5b996fd85e90, L_0x7ec08383e060;
L_0x5b996fd96220 .arith/sum 32, v0x5b996fd81280_0, L_0x7ec08383e0a8;
L_0x5b996fd96380 .arith/sum 32, v0x5b996fd81280_0, v0x5b996fd80c20_0;
L_0x5b996fd96600 .functor MUXZ 32, L_0x5b996fd96220, L_0x5b996fd96380, L_0x5b996fd96510, C4<>;
L_0x5b996fd97540 .part L_0x5b996fd629b0, 15, 5;
L_0x5b996fd97640 .part L_0x5b996fd629b0, 20, 5;
L_0x5b996fd97770 .part L_0x5b996fd629b0, 7, 5;
L_0x5b996fd97880 .functor MUXZ 32, L_0x5b996fd97350, v0x5b996fd80c20_0, v0x5b996fd7f620_0, C4<>;
L_0x5b996fd97ac0 .cmp/eq 2, v0x5b996fd7fb70_0, L_0x7ec08383e378;
L_0x5b996fd97be0 .cmp/eq 2, v0x5b996fd7fb70_0, L_0x7ec08383e3c0;
L_0x5b996fd97d10 .cmp/eq 2, v0x5b996fd7fb70_0, L_0x7ec08383e408;
L_0x5b996fd97e90 .functor MUXZ 32, L_0x7ec08383e450, L_0x5b996fd96220, L_0x5b996fd97d10, C4<>;
L_0x5b996fd97fd0 .functor MUXZ 32, L_0x5b996fd97e90, L_0x5b996fd86150, L_0x5b996fd97be0, C4<>;
L_0x5b996fd98200 .functor MUXZ 32, L_0x5b996fd97fd0, v0x5b996fd7e090_0, L_0x5b996fd97ac0, C4<>;
L_0x5b996fd98390 .part L_0x5b996fd629b0, 0, 7;
L_0x5b996fd98070 .part L_0x5b996fd629b0, 12, 3;
L_0x5b996fd984e0 .part L_0x5b996fd629b0, 25, 7;
S_0x5b996fd7dd00 .scope module, "alu_unit" "alu" 3 98, 4 3 0, S_0x5b996fd7db50;
 .timescale -9 -12;
    .port_info 0 /INPUT 32 "src_a";
    .port_info 1 /INPUT 32 "src_b";
    .port_info 2 /INPUT 4 "alu_control";
    .port_info 3 /OUTPUT 32 "alu_result";
    .port_info 4 /OUTPUT 1 "zero";
L_0x5b996fd97920 .functor BUFZ 32, L_0x5b996fd96c90, C4<00000000000000000000000000000000>, C4<00000000000000000000000000000000>, C4<00000000000000000000000000000000>;
L_0x7ec08383e330 .functor BUFT 1, C4<00000000000000000000000000000000>, C4<0>, C4<0>, C4<0>;
v0x5b996fd615c0_0 .net/2u *"_ivl_2", 31 0, L_0x7ec08383e330;  1 drivers
v0x5b996fd7dfb0_0 .net "alu_control", 3 0, v0x5b996fd7e9d0_0;  alias, 1 drivers
v0x5b996fd7e090_0 .var "alu_result", 31 0;
v0x5b996fd7e150_0 .net "src_a", 31 0, L_0x5b996fd96c90;  alias, 1 drivers
v0x5b996fd7e230_0 .net/s "src_a_signed", 31 0, L_0x5b996fd97920;  1 drivers
v0x5b996fd7e360_0 .net "src_b", 31 0, L_0x5b996fd97880;  alias, 1 drivers
v0x5b996fd7e440_0 .net "zero", 0 0, L_0x5b996fd97a20;  alias, 1 drivers
E_0x5b996fd326b0 .event edge, v0x5b996fd7dfb0_0, v0x5b996fd7e150_0, v0x5b996fd7e360_0, v0x5b996fd7e230_0;
L_0x5b996fd97a20 .cmp/eq 32, v0x5b996fd7e090_0, L_0x7ec08383e330;
S_0x5b996fd7e5a0 .scope module, "c" "controller" 3 115, 5 3 0, S_0x5b996fd7db50;
 .timescale -9 -12;
    .port_info 0 /INPUT 7 "opcode";
    .port_info 1 /INPUT 3 "funct3";
    .port_info 2 /INPUT 7 "funct7";
    .port_info 3 /OUTPUT 1 "reg_write";
    .port_info 4 /OUTPUT 1 "alu_src";
    .port_info 5 /OUTPUT 1 "mem_write";
    .port_info 6 /OUTPUT 2 "result_src";
    .port_info 7 /OUTPUT 3 "imm_src";
    .port_info 8 /OUTPUT 4 "alu_control";
    .port_info 9 /OUTPUT 1 "pc_src";
    .port_info 10 /OUTPUT 1 "jump";
v0x5b996fd7fd70_0 .net "alu_control", 3 0, v0x5b996fd7e9d0_0;  alias, 1 drivers
v0x5b996fd7fe50_0 .net "alu_op", 1 0, v0x5b996fd7f540_0;  1 drivers
v0x5b996fd7ff60_0 .net "alu_src", 0 0, v0x5b996fd7f620_0;  alias, 1 drivers
v0x5b996fd80000_0 .net "branch", 0 0, v0x5b996fd7f6c0_0;  1 drivers
v0x5b996fd800d0_0 .net "funct3", 2 0, L_0x5b996fd98070;  1 drivers
v0x5b996fd801c0_0 .net "funct7", 6 0, L_0x5b996fd984e0;  1 drivers
v0x5b996fd80290_0 .net "imm_src", 2 0, v0x5b996fd7f760_0;  alias, 1 drivers
v0x5b996fd80360_0 .net "jump", 0 0, v0x5b996fd7f840_0;  alias, 1 drivers
v0x5b996fd80430_0 .net "mem_write", 0 0, v0x5b996fd7f950_0;  alias, 1 drivers
v0x5b996fd80590_0 .net "opcode", 6 0, L_0x5b996fd98390;  1 drivers
v0x5b996fd80630_0 .net "pc_src", 0 0, o0x7ec083887738;  alias, 0 drivers
v0x5b996fd806d0_0 .net "reg_write", 0 0, v0x5b996fd7fad0_0;  alias, 1 drivers
v0x5b996fd80770_0 .net "result_src", 1 0, v0x5b996fd7fb70_0;  alias, 1 drivers
S_0x5b996fd7e7a0 .scope module, "ad" "alu_decoder" 5 35, 5 120 0, S_0x5b996fd7e5a0;
 .timescale -9 -12;
    .port_info 0 /INPUT 2 "alu_op";
    .port_info 1 /INPUT 3 "funct3";
    .port_info 2 /INPUT 7 "funct7";
    .port_info 3 /INPUT 7 "opcode";
    .port_info 4 /OUTPUT 4 "alu_control";
v0x5b996fd7e9d0_0 .var "alu_control", 3 0;
v0x5b996fd7eab0_0 .net "alu_op", 1 0, v0x5b996fd7f540_0;  alias, 1 drivers
v0x5b996fd7eb70_0 .net "funct3", 2 0, L_0x5b996fd98070;  alias, 1 drivers
v0x5b996fd7ec30_0 .net "funct7", 6 0, L_0x5b996fd984e0;  alias, 1 drivers
v0x5b996fd7ed10_0 .net "opcode", 6 0, L_0x5b996fd98390;  alias, 1 drivers
E_0x5b996fd331f0 .event edge, v0x5b996fd7eab0_0, v0x5b996fd7eb70_0, v0x5b996fd7ed10_0, v0x5b996fd7ec30_0;
S_0x5b996fd7eee0 .scope module, "md" "main_decoder" 5 22, 5 51 0, S_0x5b996fd7e5a0;
 .timescale -9 -12;
    .port_info 0 /INPUT 7 "opcode";
    .port_info 1 /OUTPUT 1 "reg_write";
    .port_info 2 /OUTPUT 3 "imm_src";
    .port_info 3 /OUTPUT 1 "alu_src";
    .port_info 4 /OUTPUT 1 "mem_write";
    .port_info 5 /OUTPUT 2 "result_src";
    .port_info 6 /OUTPUT 1 "branch";
    .port_info 7 /OUTPUT 2 "alu_op";
    .port_info 8 /OUTPUT 1 "jump";
P_0x5b996fce9c40 .param/l "OP_BRANCH" 1 5 67, C4<1100011>;
P_0x5b996fce9c80 .param/l "OP_I_TYPE" 1 5 64, C4<0010011>;
P_0x5b996fce9cc0 .param/l "OP_JAL" 1 5 68, C4<1101111>;
P_0x5b996fce9d00 .param/l "OP_LOAD" 1 5 65, C4<0000011>;
P_0x5b996fce9d40 .param/l "OP_LUI" 1 5 69, C4<0110111>;
P_0x5b996fce9d80 .param/l "OP_R_TYPE" 1 5 63, C4<0110011>;
P_0x5b996fce9dc0 .param/l "OP_STORE" 1 5 66, C4<0100011>;
v0x5b996fd7f540_0 .var "alu_op", 1 0;
v0x5b996fd7f620_0 .var "alu_src", 0 0;
v0x5b996fd7f6c0_0 .var "branch", 0 0;
v0x5b996fd7f760_0 .var "imm_src", 2 0;
v0x5b996fd7f840_0 .var "jump", 0 0;
v0x5b996fd7f950_0 .var "mem_write", 0 0;
v0x5b996fd7fa10_0 .net "opcode", 6 0, L_0x5b996fd98390;  alias, 1 drivers
v0x5b996fd7fad0_0 .var "reg_write", 0 0;
v0x5b996fd7fb70_0 .var "result_src", 1 0;
E_0x5b996fd0bbf0 .event edge, v0x5b996fd7ed10_0;
S_0x5b996fd80980 .scope module, "ext" "sign_extend" 3 88, 6 1 0, S_0x5b996fd7db50;
 .timescale -9 -12;
    .port_info 0 /INPUT 32 "instr";
    .port_info 1 /INPUT 3 "imm_src";
    .port_info 2 /OUTPUT 32 "imm_ext";
v0x5b996fd80c20_0 .var "imm_ext", 31 0;
v0x5b996fd80d20_0 .net "imm_src", 2 0, v0x5b996fd7f760_0;  alias, 1 drivers
v0x5b996fd80e30_0 .net "instr", 31 0, L_0x5b996fd629b0;  alias, 1 drivers
E_0x5b996fd64030 .event edge, v0x5b996fd7f760_0, v0x5b996fd80e30_0;
S_0x5b996fd80f70 .scope module, "pcreg" "pc_reg" 3 57, 7 1 0, S_0x5b996fd7db50;
 .timescale -9 -12;
    .port_info 0 /INPUT 1 "clk";
    .port_info 1 /INPUT 1 "rst_n";
    .port_info 2 /INPUT 32 "pc_next";
    .port_info 3 /OUTPUT 32 "pc";
v0x5b996fd811a0_0 .net "clk", 0 0, v0x5b996fd857f0_0;  alias, 1 drivers
v0x5b996fd81280_0 .var "pc", 31 0;
v0x5b996fd81360_0 .net "pc_next", 31 0, L_0x5b996fd96600;  alias, 1 drivers
v0x5b996fd81450_0 .net "rst_n", 0 0, v0x5b996fd85890_0;  alias, 1 drivers
E_0x5b996fd64070/0 .event negedge, v0x5b996fd81450_0;
E_0x5b996fd64070/1 .event posedge, v0x5b996fd811a0_0;
E_0x5b996fd64070 .event/or E_0x5b996fd64070/0, E_0x5b996fd64070/1;
S_0x5b996fd815c0 .scope module, "rf" "reg_file" 3 76, 8 1 0, S_0x5b996fd7db50;
 .timescale -9 -12;
    .port_info 0 /INPUT 1 "clk";
    .port_info 1 /INPUT 1 "we3";
    .port_info 2 /INPUT 5 "a1";
    .port_info 3 /INPUT 5 "a2";
    .port_info 4 /INPUT 5 "a3";
    .port_info 5 /INPUT 32 "wd3";
    .port_info 6 /OUTPUT 32 "rd1";
    .port_info 7 /OUTPUT 32 "rd2";
v0x5b996fd81990_0 .net *"_ivl_0", 31 0, L_0x5b996fd967e0;  1 drivers
v0x5b996fd81a90_0 .net *"_ivl_10", 6 0, L_0x5b996fd96b00;  1 drivers
L_0x7ec08383e180 .functor BUFT 1, C4<00>, C4<0>, C4<0>, C4<0>;
v0x5b996fd81b70_0 .net *"_ivl_13", 1 0, L_0x7ec08383e180;  1 drivers
L_0x7ec08383e1c8 .functor BUFT 1, C4<00000000000000000000000000000000>, C4<0>, C4<0>, C4<0>;
v0x5b996fd81c30_0 .net/2u *"_ivl_14", 31 0, L_0x7ec08383e1c8;  1 drivers
v0x5b996fd81d10_0 .net *"_ivl_18", 31 0, L_0x5b996fd96e20;  1 drivers
L_0x7ec08383e210 .functor BUFT 1, C4<000000000000000000000000000>, C4<0>, C4<0>, C4<0>;
v0x5b996fd81e40_0 .net *"_ivl_21", 26 0, L_0x7ec08383e210;  1 drivers
L_0x7ec08383e258 .functor BUFT 1, C4<00000000000000000000000000000000>, C4<0>, C4<0>, C4<0>;
v0x5b996fd81f20_0 .net/2u *"_ivl_22", 31 0, L_0x7ec08383e258;  1 drivers
v0x5b996fd82000_0 .net *"_ivl_24", 0 0, L_0x5b996fd96fe0;  1 drivers
v0x5b996fd820c0_0 .net *"_ivl_26", 31 0, L_0x5b996fd970d0;  1 drivers
v0x5b996fd82230_0 .net *"_ivl_28", 6 0, L_0x5b996fd971c0;  1 drivers
L_0x7ec08383e0f0 .functor BUFT 1, C4<000000000000000000000000000>, C4<0>, C4<0>, C4<0>;
v0x5b996fd82310_0 .net *"_ivl_3", 26 0, L_0x7ec08383e0f0;  1 drivers
L_0x7ec08383e2a0 .functor BUFT 1, C4<00>, C4<0>, C4<0>, C4<0>;
v0x5b996fd823f0_0 .net *"_ivl_31", 1 0, L_0x7ec08383e2a0;  1 drivers
L_0x7ec08383e2e8 .functor BUFT 1, C4<00000000000000000000000000000000>, C4<0>, C4<0>, C4<0>;
v0x5b996fd824d0_0 .net/2u *"_ivl_32", 31 0, L_0x7ec08383e2e8;  1 drivers
L_0x7ec08383e138 .functor BUFT 1, C4<00000000000000000000000000000000>, C4<0>, C4<0>, C4<0>;
v0x5b996fd825b0_0 .net/2u *"_ivl_4", 31 0, L_0x7ec08383e138;  1 drivers
v0x5b996fd82690_0 .net *"_ivl_6", 0 0, L_0x5b996fd96920;  1 drivers
v0x5b996fd82750_0 .net *"_ivl_8", 31 0, L_0x5b996fd96a60;  1 drivers
v0x5b996fd82830_0 .net "a1", 4 0, L_0x5b996fd97540;  1 drivers
v0x5b996fd82910_0 .net "a2", 4 0, L_0x5b996fd97640;  1 drivers
v0x5b996fd829f0_0 .net "a3", 4 0, L_0x5b996fd97770;  1 drivers
v0x5b996fd82ad0_0 .net "clk", 0 0, v0x5b996fd857f0_0;  alias, 1 drivers
v0x5b996fd82b70_0 .net "rd1", 31 0, L_0x5b996fd96c90;  alias, 1 drivers
v0x5b996fd82c10_0 .net "rd2", 31 0, L_0x5b996fd97350;  alias, 1 drivers
v0x5b996fd82cd0 .array "rf", 0 31, 31 0;
v0x5b996fd82d90_0 .net "wd3", 31 0, L_0x5b996fd98200;  alias, 1 drivers
v0x5b996fd82e70_0 .net "we3", 0 0, v0x5b996fd7fad0_0;  alias, 1 drivers
E_0x5b996fd81910 .event posedge, v0x5b996fd811a0_0;
L_0x5b996fd967e0 .concat [ 5 27 0 0], L_0x5b996fd97540, L_0x7ec08383e0f0;
L_0x5b996fd96920 .cmp/ne 32, L_0x5b996fd967e0, L_0x7ec08383e138;
L_0x5b996fd96a60 .array/port v0x5b996fd82cd0, L_0x5b996fd96b00;
L_0x5b996fd96b00 .concat [ 5 2 0 0], L_0x5b996fd97540, L_0x7ec08383e180;
L_0x5b996fd96c90 .functor MUXZ 32, L_0x7ec08383e1c8, L_0x5b996fd96a60, L_0x5b996fd96920, C4<>;
L_0x5b996fd96e20 .concat [ 5 27 0 0], L_0x5b996fd97640, L_0x7ec08383e210;
L_0x5b996fd96fe0 .cmp/ne 32, L_0x5b996fd96e20, L_0x7ec08383e258;
L_0x5b996fd970d0 .array/port v0x5b996fd82cd0, L_0x5b996fd971c0;
L_0x5b996fd971c0 .concat [ 5 2 0 0], L_0x5b996fd97640, L_0x7ec08383e2a0;
L_0x5b996fd97350 .functor MUXZ 32, L_0x7ec08383e2e8, L_0x5b996fd970d0, L_0x5b996fd96fe0, C4<>;
    .scope S_0x5b996fd80f70;
T_0 ;
    %wait E_0x5b996fd64070;
    %load/vec4 v0x5b996fd81450_0;
    %nor/r;
    %flag_set/vec4 8;
    %jmp/0xz  T_0.0, 8;
    %pushi/vec4 0, 0, 32;
    %assign/vec4 v0x5b996fd81280_0, 0;
    %jmp T_0.1;
T_0.0 ;
    %load/vec4 v0x5b996fd81360_0;
    %assign/vec4 v0x5b996fd81280_0, 0;
T_0.1 ;
    %jmp T_0;
    .thread T_0;
    .scope S_0x5b996fd815c0;
T_1 ;
    %wait E_0x5b996fd81910;
    %load/vec4 v0x5b996fd82e70_0;
    %load/vec4 v0x5b996fd829f0_0;
    %pad/u 32;
    %pushi/vec4 0, 0, 32;
    %cmp/ne;
    %flag_get/vec4 4;
    %and;
    %flag_set/vec4 8;
    %jmp/0xz  T_1.0, 8;
    %load/vec4 v0x5b996fd82d90_0;
    %load/vec4 v0x5b996fd829f0_0;
    %pad/u 7;
    %ix/vec4 3;
    %ix/load 4, 0, 0; Constant delay
    %assign/vec4/a/d v0x5b996fd82cd0, 0, 4;
T_1.0 ;
    %jmp T_1;
    .thread T_1;
    .scope S_0x5b996fd80980;
T_2 ;
    %wait E_0x5b996fd64030;
    %load/vec4 v0x5b996fd80d20_0;
    %dup/vec4;
    %pushi/vec4 0, 0, 3;
    %cmp/u;
    %jmp/1 T_2.0, 6;
    %dup/vec4;
    %pushi/vec4 1, 0, 3;
    %cmp/u;
    %jmp/1 T_2.1, 6;
    %dup/vec4;
    %pushi/vec4 2, 0, 3;
    %cmp/u;
    %jmp/1 T_2.2, 6;
    %dup/vec4;
    %pushi/vec4 3, 0, 3;
    %cmp/u;
    %jmp/1 T_2.3, 6;
    %dup/vec4;
    %pushi/vec4 4, 0, 3;
    %cmp/u;
    %jmp/1 T_2.4, 6;
    %pushi/vec4 0, 0, 32;
    %store/vec4 v0x5b996fd80c20_0, 0, 32;
    %jmp T_2.6;
T_2.0 ;
    %load/vec4 v0x5b996fd80e30_0;
    %parti/s 1, 31, 6;
    %replicate 20;
    %load/vec4 v0x5b996fd80e30_0;
    %parti/s 12, 20, 6;
    %concat/vec4; draw_concat_vec4
    %store/vec4 v0x5b996fd80c20_0, 0, 32;
    %jmp T_2.6;
T_2.1 ;
    %load/vec4 v0x5b996fd80e30_0;
    %parti/s 1, 31, 6;
    %replicate 20;
    %load/vec4 v0x5b996fd80e30_0;
    %parti/s 7, 25, 6;
    %concat/vec4; draw_concat_vec4
    %load/vec4 v0x5b996fd80e30_0;
    %parti/s 5, 7, 4;
    %concat/vec4; draw_concat_vec4
    %store/vec4 v0x5b996fd80c20_0, 0, 32;
    %jmp T_2.6;
T_2.2 ;
    %load/vec4 v0x5b996fd80e30_0;
    %parti/s 1, 31, 6;
    %replicate 20;
    %load/vec4 v0x5b996fd80e30_0;
    %parti/s 1, 7, 4;
    %concat/vec4; draw_concat_vec4
    %load/vec4 v0x5b996fd80e30_0;
    %parti/s 6, 25, 6;
    %concat/vec4; draw_concat_vec4
    %load/vec4 v0x5b996fd80e30_0;
    %parti/s 4, 8, 5;
    %concat/vec4; draw_concat_vec4
    %concati/vec4 0, 0, 1;
    %store/vec4 v0x5b996fd80c20_0, 0, 32;
    %jmp T_2.6;
T_2.3 ;
    %load/vec4 v0x5b996fd80e30_0;
    %parti/s 1, 31, 6;
    %replicate 12;
    %load/vec4 v0x5b996fd80e30_0;
    %parti/s 8, 12, 5;
    %concat/vec4; draw_concat_vec4
    %load/vec4 v0x5b996fd80e30_0;
    %parti/s 1, 20, 6;
    %concat/vec4; draw_concat_vec4
    %load/vec4 v0x5b996fd80e30_0;
    %parti/s 10, 21, 6;
    %concat/vec4; draw_concat_vec4
    %concati/vec4 0, 0, 1;
    %store/vec4 v0x5b996fd80c20_0, 0, 32;
    %jmp T_2.6;
T_2.4 ;
    %load/vec4 v0x5b996fd80e30_0;
    %parti/s 20, 12, 5;
    %concati/vec4 0, 0, 12;
    %store/vec4 v0x5b996fd80c20_0, 0, 32;
    %jmp T_2.6;
T_2.6 ;
    %pop/vec4 1;
    %jmp T_2;
    .thread T_2, $push;
    .scope S_0x5b996fd7dd00;
T_3 ;
    %wait E_0x5b996fd326b0;
    %load/vec4 v0x5b996fd7dfb0_0;
    %dup/vec4;
    %pushi/vec4 0, 0, 4;
    %cmp/u;
    %jmp/1 T_3.0, 6;
    %dup/vec4;
    %pushi/vec4 8, 0, 4;
    %cmp/u;
    %jmp/1 T_3.1, 6;
    %dup/vec4;
    %pushi/vec4 7, 0, 4;
    %cmp/u;
    %jmp/1 T_3.2, 6;
    %dup/vec4;
    %pushi/vec4 6, 0, 4;
    %cmp/u;
    %jmp/1 T_3.3, 6;
    %dup/vec4;
    %pushi/vec4 4, 0, 4;
    %cmp/u;
    %jmp/1 T_3.4, 6;
    %dup/vec4;
    %pushi/vec4 1, 0, 4;
    %cmp/u;
    %jmp/1 T_3.5, 6;
    %dup/vec4;
    %pushi/vec4 5, 0, 4;
    %cmp/u;
    %jmp/1 T_3.6, 6;
    %dup/vec4;
    %pushi/vec4 13, 0, 4;
    %cmp/u;
    %jmp/1 T_3.7, 6;
    %dup/vec4;
    %pushi/vec4 2, 0, 4;
    %cmp/u;
    %jmp/1 T_3.8, 6;
    %dup/vec4;
    %pushi/vec4 3, 0, 4;
    %cmp/u;
    %jmp/1 T_3.9, 6;
    %dup/vec4;
    %pushi/vec4 9, 0, 4;
    %cmp/u;
    %jmp/1 T_3.10, 6;
    %pushi/vec4 0, 0, 32;
    %store/vec4 v0x5b996fd7e090_0, 0, 32;
    %jmp T_3.12;
T_3.0 ;
    %load/vec4 v0x5b996fd7e150_0;
    %load/vec4 v0x5b996fd7e360_0;
    %add;
    %store/vec4 v0x5b996fd7e090_0, 0, 32;
    %jmp T_3.12;
T_3.1 ;
    %load/vec4 v0x5b996fd7e150_0;
    %load/vec4 v0x5b996fd7e360_0;
    %sub;
    %store/vec4 v0x5b996fd7e090_0, 0, 32;
    %jmp T_3.12;
T_3.2 ;
    %load/vec4 v0x5b996fd7e150_0;
    %load/vec4 v0x5b996fd7e360_0;
    %and;
    %store/vec4 v0x5b996fd7e090_0, 0, 32;
    %jmp T_3.12;
T_3.3 ;
    %load/vec4 v0x5b996fd7e150_0;
    %load/vec4 v0x5b996fd7e360_0;
    %or;
    %store/vec4 v0x5b996fd7e090_0, 0, 32;
    %jmp T_3.12;
T_3.4 ;
    %load/vec4 v0x5b996fd7e150_0;
    %load/vec4 v0x5b996fd7e360_0;
    %xor;
    %store/vec4 v0x5b996fd7e090_0, 0, 32;
    %jmp T_3.12;
T_3.5 ;
    %load/vec4 v0x5b996fd7e150_0;
    %load/vec4 v0x5b996fd7e360_0;
    %parti/s 5, 0, 2;
    %ix/vec4 4;
    %shiftl 4;
    %store/vec4 v0x5b996fd7e090_0, 0, 32;
    %jmp T_3.12;
T_3.6 ;
    %load/vec4 v0x5b996fd7e150_0;
    %load/vec4 v0x5b996fd7e360_0;
    %parti/s 5, 0, 2;
    %ix/vec4 4;
    %shiftr 4;
    %store/vec4 v0x5b996fd7e090_0, 0, 32;
    %jmp T_3.12;
T_3.7 ;
    %load/vec4 v0x5b996fd7e230_0;
    %load/vec4 v0x5b996fd7e360_0;
    %parti/s 5, 0, 2;
    %ix/vec4 4;
    %shiftr/s 4;
    %store/vec4 v0x5b996fd7e090_0, 0, 32;
    %jmp T_3.12;
T_3.8 ;
    %load/vec4 v0x5b996fd7e230_0;
    %load/vec4 v0x5b996fd7e360_0;
    %cmp/s;
    %flag_mov 8, 5;
    %jmp/0 T_3.13, 8;
    %pushi/vec4 1, 0, 32;
    %jmp/1 T_3.14, 8;
T_3.13 ; End of true expr.
    %pushi/vec4 0, 0, 32;
    %jmp/0 T_3.14, 8;
 ; End of false expr.
    %blend;
T_3.14;
    %store/vec4 v0x5b996fd7e090_0, 0, 32;
    %jmp T_3.12;
T_3.9 ;
    %load/vec4 v0x5b996fd7e150_0;
    %load/vec4 v0x5b996fd7e360_0;
    %cmp/u;
    %flag_mov 8, 5;
    %jmp/0 T_3.15, 8;
    %pushi/vec4 1, 0, 32;
    %jmp/1 T_3.16, 8;
T_3.15 ; End of true expr.
    %pushi/vec4 0, 0, 32;
    %jmp/0 T_3.16, 8;
 ; End of false expr.
    %blend;
T_3.16;
    %store/vec4 v0x5b996fd7e090_0, 0, 32;
    %jmp T_3.12;
T_3.10 ;
    %load/vec4 v0x5b996fd7e360_0;
    %store/vec4 v0x5b996fd7e090_0, 0, 32;
    %jmp T_3.12;
T_3.12 ;
    %pop/vec4 1;
    %jmp T_3;
    .thread T_3, $push;
    .scope S_0x5b996fd7eee0;
T_4 ;
    %wait E_0x5b996fd0bbf0;
    %pushi/vec4 0, 0, 1;
    %store/vec4 v0x5b996fd7fad0_0, 0, 1;
    %pushi/vec4 0, 0, 3;
    %store/vec4 v0x5b996fd7f760_0, 0, 3;
    %pushi/vec4 0, 0, 1;
    %store/vec4 v0x5b996fd7f620_0, 0, 1;
    %pushi/vec4 0, 0, 1;
    %store/vec4 v0x5b996fd7f950_0, 0, 1;
    %pushi/vec4 0, 0, 2;
    %store/vec4 v0x5b996fd7fb70_0, 0, 2;
    %pushi/vec4 0, 0, 1;
    %store/vec4 v0x5b996fd7f6c0_0, 0, 1;
    %pushi/vec4 0, 0, 2;
    %store/vec4 v0x5b996fd7f540_0, 0, 2;
    %pushi/vec4 0, 0, 1;
    %store/vec4 v0x5b996fd7f840_0, 0, 1;
    %load/vec4 v0x5b996fd7fa10_0;
    %dup/vec4;
    %pushi/vec4 51, 0, 7;
    %cmp/u;
    %jmp/1 T_4.0, 6;
    %dup/vec4;
    %pushi/vec4 19, 0, 7;
    %cmp/u;
    %jmp/1 T_4.1, 6;
    %dup/vec4;
    %pushi/vec4 3, 0, 7;
    %cmp/u;
    %jmp/1 T_4.2, 6;
    %dup/vec4;
    %pushi/vec4 35, 0, 7;
    %cmp/u;
    %jmp/1 T_4.3, 6;
    %dup/vec4;
    %pushi/vec4 99, 0, 7;
    %cmp/u;
    %jmp/1 T_4.4, 6;
    %dup/vec4;
    %pushi/vec4 111, 0, 7;
    %cmp/u;
    %jmp/1 T_4.5, 6;
    %dup/vec4;
    %pushi/vec4 55, 0, 7;
    %cmp/u;
    %jmp/1 T_4.6, 6;
    %jmp T_4.7;
T_4.0 ;
    %pushi/vec4 1, 0, 1;
    %store/vec4 v0x5b996fd7fad0_0, 0, 1;
    %pushi/vec4 2, 0, 2;
    %store/vec4 v0x5b996fd7f540_0, 0, 2;
    %jmp T_4.7;
T_4.1 ;
    %pushi/vec4 1, 0, 1;
    %store/vec4 v0x5b996fd7fad0_0, 0, 1;
    %pushi/vec4 1, 0, 1;
    %store/vec4 v0x5b996fd7f620_0, 0, 1;
    %pushi/vec4 2, 0, 2;
    %store/vec4 v0x5b996fd7f540_0, 0, 2;
    %jmp T_4.7;
T_4.2 ;
    %pushi/vec4 1, 0, 1;
    %store/vec4 v0x5b996fd7fad0_0, 0, 1;
    %pushi/vec4 1, 0, 1;
    %store/vec4 v0x5b996fd7f620_0, 0, 1;
    %pushi/vec4 0, 0, 3;
    %store/vec4 v0x5b996fd7f760_0, 0, 3;
    %pushi/vec4 1, 0, 2;
    %store/vec4 v0x5b996fd7fb70_0, 0, 2;
    %pushi/vec4 0, 0, 2;
    %store/vec4 v0x5b996fd7f540_0, 0, 2;
    %jmp T_4.7;
T_4.3 ;
    %pushi/vec4 1, 0, 1;
    %store/vec4 v0x5b996fd7f950_0, 0, 1;
    %pushi/vec4 1, 0, 1;
    %store/vec4 v0x5b996fd7f620_0, 0, 1;
    %pushi/vec4 1, 0, 3;
    %store/vec4 v0x5b996fd7f760_0, 0, 3;
    %pushi/vec4 0, 0, 2;
    %store/vec4 v0x5b996fd7f540_0, 0, 2;
    %jmp T_4.7;
T_4.4 ;
    %pushi/vec4 1, 0, 1;
    %store/vec4 v0x5b996fd7f6c0_0, 0, 1;
    %pushi/vec4 1, 0, 2;
    %store/vec4 v0x5b996fd7f540_0, 0, 2;
    %pushi/vec4 2, 0, 3;
    %store/vec4 v0x5b996fd7f760_0, 0, 3;
    %jmp T_4.7;
T_4.5 ;
    %pushi/vec4 1, 0, 1;
    %store/vec4 v0x5b996fd7f840_0, 0, 1;
    %pushi/vec4 1, 0, 1;
    %store/vec4 v0x5b996fd7fad0_0, 0, 1;
    %pushi/vec4 3, 0, 3;
    %store/vec4 v0x5b996fd7f760_0, 0, 3;
    %pushi/vec4 2, 0, 2;
    %store/vec4 v0x5b996fd7fb70_0, 0, 2;
    %jmp T_4.7;
T_4.6 ;
    %pushi/vec4 1, 0, 1;
    %store/vec4 v0x5b996fd7fad0_0, 0, 1;
    %pushi/vec4 1, 0, 1;
    %store/vec4 v0x5b996fd7f620_0, 0, 1;
    %pushi/vec4 4, 0, 3;
    %store/vec4 v0x5b996fd7f760_0, 0, 3;
    %pushi/vec4 3, 0, 2;
    %store/vec4 v0x5b996fd7f540_0, 0, 2;
    %jmp T_4.7;
T_4.7 ;
    %pop/vec4 1;
    %jmp T_4;
    .thread T_4, $push;
    .scope S_0x5b996fd7e7a0;
T_5 ;
    %wait E_0x5b996fd331f0;
    %load/vec4 v0x5b996fd7eab0_0;
    %dup/vec4;
    %pushi/vec4 0, 0, 2;
    %cmp/u;
    %jmp/1 T_5.0, 6;
    %dup/vec4;
    %pushi/vec4 1, 0, 2;
    %cmp/u;
    %jmp/1 T_5.1, 6;
    %dup/vec4;
    %pushi/vec4 3, 0, 2;
    %cmp/u;
    %jmp/1 T_5.2, 6;
    %dup/vec4;
    %pushi/vec4 2, 0, 2;
    %cmp/u;
    %jmp/1 T_5.3, 6;
    %jmp T_5.4;
T_5.0 ;
    %pushi/vec4 0, 0, 4;
    %store/vec4 v0x5b996fd7e9d0_0, 0, 4;
    %jmp T_5.4;
T_5.1 ;
    %pushi/vec4 8, 0, 4;
    %store/vec4 v0x5b996fd7e9d0_0, 0, 4;
    %jmp T_5.4;
T_5.2 ;
    %pushi/vec4 9, 0, 4;
    %store/vec4 v0x5b996fd7e9d0_0, 0, 4;
    %jmp T_5.4;
T_5.3 ;
    %load/vec4 v0x5b996fd7eb70_0;
    %dup/vec4;
    %pushi/vec4 0, 0, 3;
    %cmp/u;
    %jmp/1 T_5.5, 6;
    %dup/vec4;
    %pushi/vec4 1, 0, 3;
    %cmp/u;
    %jmp/1 T_5.6, 6;
    %dup/vec4;
    %pushi/vec4 2, 0, 3;
    %cmp/u;
    %jmp/1 T_5.7, 6;
    %dup/vec4;
    %pushi/vec4 3, 0, 3;
    %cmp/u;
    %jmp/1 T_5.8, 6;
    %dup/vec4;
    %pushi/vec4 4, 0, 3;
    %cmp/u;
    %jmp/1 T_5.9, 6;
    %dup/vec4;
    %pushi/vec4 5, 0, 3;
    %cmp/u;
    %jmp/1 T_5.10, 6;
    %dup/vec4;
    %pushi/vec4 6, 0, 3;
    %cmp/u;
    %jmp/1 T_5.11, 6;
    %dup/vec4;
    %pushi/vec4 7, 0, 3;
    %cmp/u;
    %jmp/1 T_5.12, 6;
    %pushi/vec4 0, 0, 4;
    %store/vec4 v0x5b996fd7e9d0_0, 0, 4;
    %jmp T_5.14;
T_5.5 ;
    %load/vec4 v0x5b996fd7ed10_0;
    %pushi/vec4 51, 0, 7;
    %cmp/e;
    %flag_get/vec4 4;
    %load/vec4 v0x5b996fd7ec30_0;
    %parti/s 1, 5, 4;
    %and;
    %flag_set/vec4 8;
    %jmp/0xz  T_5.15, 8;
    %pushi/vec4 8, 0, 4;
    %store/vec4 v0x5b996fd7e9d0_0, 0, 4;
    %jmp T_5.16;
T_5.15 ;
    %pushi/vec4 0, 0, 4;
    %store/vec4 v0x5b996fd7e9d0_0, 0, 4;
T_5.16 ;
    %jmp T_5.14;
T_5.6 ;
    %pushi/vec4 1, 0, 4;
    %store/vec4 v0x5b996fd7e9d0_0, 0, 4;
    %jmp T_5.14;
T_5.7 ;
    %pushi/vec4 2, 0, 4;
    %store/vec4 v0x5b996fd7e9d0_0, 0, 4;
    %jmp T_5.14;
T_5.8 ;
    %pushi/vec4 3, 0, 4;
    %store/vec4 v0x5b996fd7e9d0_0, 0, 4;
    %jmp T_5.14;
T_5.9 ;
    %pushi/vec4 4, 0, 4;
    %store/vec4 v0x5b996fd7e9d0_0, 0, 4;
    %jmp T_5.14;
T_5.10 ;
    %load/vec4 v0x5b996fd7ec30_0;
    %parti/s 1, 5, 4;
    %flag_set/vec4 8;
    %jmp/0xz  T_5.17, 8;
    %pushi/vec4 13, 0, 4;
    %store/vec4 v0x5b996fd7e9d0_0, 0, 4;
    %jmp T_5.18;
T_5.17 ;
    %pushi/vec4 5, 0, 4;
    %store/vec4 v0x5b996fd7e9d0_0, 0, 4;
T_5.18 ;
    %jmp T_5.14;
T_5.11 ;
    %pushi/vec4 6, 0, 4;
    %store/vec4 v0x5b996fd7e9d0_0, 0, 4;
    %jmp T_5.14;
T_5.12 ;
    %pushi/vec4 7, 0, 4;
    %store/vec4 v0x5b996fd7e9d0_0, 0, 4;
    %jmp T_5.14;
T_5.14 ;
    %pop/vec4 1;
    %jmp T_5.4;
T_5.4 ;
    %pop/vec4 1;
    %jmp T_5;
    .thread T_5, $push;
    .scope S_0x5b996fd7db50;
T_6 ;
    %wait E_0x5b996fd81910;
    %load/vec4 v0x5b996fd849e0_0;
    %flag_set/vec4 8;
    %jmp/0xz  T_6.0, 8;
    %load/vec4 v0x5b996fd85190_0;
    %load/vec4 v0x5b996fd84270_0;
    %parti/s 8, 2, 3;
    %pad/u 10;
    %ix/vec4 3;
    %ix/load 4, 0, 0; Constant delay
    %assign/vec4/a/d v0x5b996fd84560, 0, 4;
T_6.0 ;
    %jmp T_6;
    .thread T_6;
    .scope S_0x5b996fd53140;
T_7 ;
    %delay 5000, 0;
    %load/vec4 v0x5b996fd857f0_0;
    %inv;
    %store/vec4 v0x5b996fd857f0_0, 0, 1;
    %jmp T_7;
    .thread T_7;
    .scope S_0x5b996fd53140;
T_8 ;
    %pushi/vec4 0, 0, 1;
    %store/vec4 v0x5b996fd857f0_0, 0, 1;
    %pushi/vec4 0, 0, 1;
    %store/vec4 v0x5b996fd85890_0, 0, 1;
    %vpi_call 2 28 "$readmemh", "test.hex", v0x5b996fd84600 {0 0 0};
    %delay 20000, 0;
    %pushi/vec4 1, 0, 1;
    %store/vec4 v0x5b996fd85890_0, 0, 1;
    %delay 5000000, 0;
    %vpi_call 2 37 "$display", "Simulation finished." {0 0 0};
    %vpi_call 2 38 "$finish" {0 0 0};
    %end;
    .thread T_8;
    .scope S_0x5b996fd53140;
T_9 ;
    %vpi_call 2 44 "$monitor", "Time: %t | PC: %h | Instr: %h | Result: %h | RegWrite: %b", $time, v0x5b996fd84ad0_0, v0x5b996fd84800_0, v0x5b996fd853b0_0, v0x5b996fd85310_0 {0 0 0};
    %end;
    .thread T_9;
    .scope S_0x5b996fd53140;
T_10 ;
    %vpi_call 2 50 "$dumpfile", "riscv_wave.vcd" {0 0 0};
    %vpi_call 2 51 "$dumpvars", 32'sb00000000000000000000000000000000, S_0x5b996fd53140 {0 0 0};
    %fork t_1, S_0x5b996fd52e70;
    %jmp t_0;
    .scope S_0x5b996fd52e70;
t_1 ;
    %pushi/vec4 0, 0, 32;
    %store/vec4 v0x5b996fd41e60_0, 0, 32;
T_10.0 ;
    %load/vec4 v0x5b996fd41e60_0;
    %cmpi/s 32, 0, 32;
    %jmp/0xz T_10.1, 5;
    %vpi_call 2 54 "$dumpvars", 32'sb00000000000000000000000000000000, &A<v0x5b996fd82cd0, v0x5b996fd41e60_0 > {0 0 0};
    %load/vec4 v0x5b996fd41e60_0;
    %addi 1, 0, 32;
    %store/vec4 v0x5b996fd41e60_0, 0, 32;
    %jmp T_10.0;
T_10.1 ;
    %end;
    .scope S_0x5b996fd53140;
t_0 %join;
    %end;
    .thread T_10;
# The file index is used to find the file name in the following table.
:file_names 9;
    "N/A";
    "<interactive>";
    "tb.v";
    "./riscv_top.v";
    "./alu.v";
    "./controller.v";
    "./sign_extend.v";
    "./pc_reg.v";
    "./reg_file.v";
