#! /usr/bin/vvp
:ivl_version "12.0 (stable)";
:ivl_delay_selection "TYPICAL";
:vpi_time_precision - 12;
:vpi_module "/usr/lib/x86_64-linux-gnu/ivl/system.vpi";
:vpi_module "/usr/lib/x86_64-linux-gnu/ivl/vhdl_sys.vpi";
:vpi_module "/usr/lib/x86_64-linux-gnu/ivl/vhdl_textio.vpi";
:vpi_module "/usr/lib/x86_64-linux-gnu/ivl/v2005_math.vpi";
:vpi_module "/usr/lib/x86_64-linux-gnu/ivl/va_math.vpi";
S_0x55dac6ff91a0 .scope module, "tb_rv_pl" "tb_rv_pl" 2 4;
 .timescale -9 -12;
P_0x55dac6f5d0a0 .param/l "MAX_CYCLES" 0 2 13, +C4<00000000000000000000000010010110>;
v0x55dac70331f0_0 .var "clk", 0 0;
v0x55dac7033290_0 .var/i "i", 31 0;
v0x55dac7033370_0 .var "rst_n", 0 0;
S_0x55dac6ff8c70 .scope module, "dut" "rv_pl" 2 18, 3 4 0, S_0x55dac6ff91a0;
 .timescale 0 0;
    .port_info 0 /INPUT 1 "clk";
    .port_info 1 /INPUT 1 "rst_n";
L_0x55dac7045150 .functor BUFZ 32, L_0x55dac70450b0, C4<00000000000000000000000000000000>, C4<00000000000000000000000000000000>, C4<00000000000000000000000000000000>;
L_0x55dac7009ed0 .functor AND 1, v0x55dac702f7e0_0, L_0x55dac7045aa0, C4<1>, C4<1>;
L_0x55dac6fd0d40 .functor OR 1, L_0x55dac7009ed0, v0x55dac702fe70_0, C4<0>, C4<0>;
v0x55dac702e210_0 .var "D_PC", 31 0;
v0x55dac702e310_0 .var "D_PC_plus_4", 31 0;
v0x55dac702e3f0_0 .net "D_alucontrol", 3 0, v0x55dac7028cf0_0;  1 drivers
v0x55dac702e4f0_0 .net "D_alusrc", 0 0, v0x55dac7028ed0_0;  1 drivers
v0x55dac702e5c0_0 .net "D_branch", 0 0, v0x55dac7028f70_0;  1 drivers
v0x55dac702e660_0 .net "D_flush", 0 0, v0x55dac702b770_0;  1 drivers
v0x55dac702e730_0 .net "D_funct3", 2 0, L_0x55dac7043b70;  1 drivers
v0x55dac702e800_0 .net "D_funct7", 6 0, L_0x55dac7043de0;  1 drivers
v0x55dac702e8d0_0 .net "D_imm", 31 0, v0x55dac702a570_0;  1 drivers
v0x55dac702e9a0_0 .var "D_instr", 31 0;
v0x55dac702ea70_0 .net "D_jump", 0 0, v0x55dac7029240_0;  1 drivers
v0x55dac702eb40_0 .net "D_lui", 0 0, v0x55dac7029300_0;  1 drivers
v0x55dac702ec10_0 .net "D_memread", 0 0, v0x55dac70293c0_0;  1 drivers
v0x55dac702ece0_0 .net "D_memtoreg", 0 0, v0x55dac7029480_0;  1 drivers
v0x55dac702edb0_0 .net "D_memwrite", 0 0, v0x55dac7029540_0;  1 drivers
v0x55dac702ee80_0 .net "D_opcode", 6 0, L_0x55dac7043960;  1 drivers
v0x55dac702ef50_0 .net "D_rd", 4 0, L_0x55dac7043aa0;  1 drivers
v0x55dac702eff0_0 .net "D_regwrite", 0 0, v0x55dac70296e0_0;  1 drivers
v0x55dac702f0c0_0 .net "D_rs1", 4 0, L_0x55dac7043c60;  1 drivers
v0x55dac702f160_0 .net "D_rs1_data", 31 0, L_0x55dac70443a0;  1 drivers
v0x55dac702f200_0 .net "D_rs2", 4 0, L_0x55dac7043d40;  1 drivers
v0x55dac702f2f0_0 .net "D_rs2_data", 31 0, L_0x55dac7044af0;  1 drivers
v0x55dac702f390_0 .net "D_stall", 0 0, v0x55dac702b9f0_0;  1 drivers
v0x55dac702f460_0 .var "E_PC", 31 0;
v0x55dac702f500_0 .var "E_PC_plus_4", 31 0;
v0x55dac702f5a0_0 .net "E_alu_res", 31 0, v0x55dac7004360_0;  1 drivers
v0x55dac702f670_0 .var "E_alucontrol", 3 0;
v0x55dac702f740_0 .var "E_alusrc", 0 0;
v0x55dac702f7e0_0 .var "E_branch", 0 0;
v0x55dac702f880_0 .net "E_branch_taken", 0 0, L_0x55dac6fd0d40;  1 drivers
v0x55dac702f950_0 .net "E_flush", 0 0, v0x55dac702bbc0_0;  1 drivers
v0x55dac702fa20_0 .net "E_forwarded_rs1", 31 0, L_0x55dac70450b0;  1 drivers
v0x55dac702fac0_0 .net "E_forwarded_rs2", 31 0, L_0x55dac7045650;  1 drivers
v0x55dac702fd90_0 .var "E_imm", 31 0;
v0x55dac702fe70_0 .var "E_jump", 0 0;
v0x55dac702ff30_0 .var "E_lui", 0 0;
v0x55dac702fff0_0 .var "E_memread", 0 0;
v0x55dac70300c0_0 .var "E_memtoreg", 0 0;
v0x55dac7030160_0 .var "E_memwrite", 0 0;
v0x55dac7030220_0 .net "E_op1", 31 0, L_0x55dac7045150;  1 drivers
v0x55dac7030310_0 .net "E_op2", 31 0, L_0x55dac70458c0;  1 drivers
v0x55dac70303e0_0 .var "E_rd", 4 0;
v0x55dac70304b0_0 .var "E_regwrite", 0 0;
v0x55dac7030550_0 .var "E_rs1", 4 0;
v0x55dac7030640_0 .var "E_rs1_data", 31 0;
v0x55dac7030700_0 .var "E_rs2", 4 0;
v0x55dac70307f0_0 .var "E_rs2_data", 31 0;
v0x55dac70308b0_0 .net "E_target_PC", 31 0, L_0x55dac7045c30;  1 drivers
v0x55dac7030990_0 .net "E_zero", 0 0, L_0x55dac7045aa0;  1 drivers
v0x55dac7030a60_0 .net "F_PC", 31 0, v0x55dac7031b50_0;  1 drivers
v0x55dac7030b30_0 .net "F_PC_next", 31 0, L_0x55dac7043610;  1 drivers
v0x55dac7030bf0_0 .net "F_PC_plus_4", 31 0, L_0x55dac70434f0;  1 drivers
v0x55dac7030cd0_0 .net "F_instr", 31 0, L_0x55dac7004240;  1 drivers
v0x55dac7030dc0_0 .net "ForwardA", 1 0, v0x55dac702ade0_0;  1 drivers
v0x55dac7030e90_0 .net "ForwardB", 1 0, v0x55dac702aea0_0;  1 drivers
v0x55dac7030f60_0 .var "M_PC_plus_4", 31 0;
v0x55dac7031020_0 .var "M_alu_res", 31 0;
v0x55dac7031110_0 .var "M_jump", 0 0;
v0x55dac70311b0_0 .net "M_mem_data", 31 0, L_0x55dac7045cd0;  1 drivers
v0x55dac70312a0_0 .var "M_memread", 0 0;
v0x55dac7031340_0 .var "M_memtoreg", 0 0;
v0x55dac7031400_0 .var "M_memwrite", 0 0;
v0x55dac70314d0_0 .var "M_rd", 4 0;
v0x55dac70315a0_0 .var "M_regwrite", 0 0;
v0x55dac7031670_0 .var "M_rs2_data", 31 0;
v0x55dac7031b50_0 .var "PC", 31 0;
v0x55dac7031bf0_0 .net "PC_en", 0 0, v0x55dac702be20_0;  1 drivers
v0x55dac7031cc0_0 .var "W_PC_plus_4", 31 0;
v0x55dac7031d80_0 .var "W_alu_res", 31 0;
v0x55dac7031e60_0 .var "W_jump", 0 0;
v0x55dac7031f20_0 .var "W_mem_data", 31 0;
v0x55dac7032000_0 .var "W_memtoreg", 0 0;
v0x55dac70320c0_0 .var "W_rd", 4 0;
v0x55dac70321d0_0 .var "W_regwrite", 0 0;
v0x55dac70322c0_0 .net "W_result", 31 0, L_0x55dac7046100;  1 drivers
L_0x7f76e64bb018 .functor BUFT 1, C4<00000000000000000000000000000100>, C4<0>, C4<0>, C4<0>;
v0x55dac7032380_0 .net/2u *"_ivl_2", 31 0, L_0x7f76e64bb018;  1 drivers
L_0x7f76e64bb2a0 .functor BUFT 1, C4<10>, C4<0>, C4<0>, C4<0>;
v0x55dac7032440_0 .net/2u *"_ivl_20", 1 0, L_0x7f76e64bb2a0;  1 drivers
v0x55dac7032520_0 .net *"_ivl_22", 0 0, L_0x55dac7044d30;  1 drivers
L_0x7f76e64bb2e8 .functor BUFT 1, C4<01>, C4<0>, C4<0>, C4<0>;
v0x55dac70325e0_0 .net/2u *"_ivl_24", 1 0, L_0x7f76e64bb2e8;  1 drivers
v0x55dac70326c0_0 .net *"_ivl_26", 0 0, L_0x55dac7044e70;  1 drivers
v0x55dac7032780_0 .net *"_ivl_28", 31 0, L_0x55dac7044fc0;  1 drivers
L_0x7f76e64bb330 .functor BUFT 1, C4<10>, C4<0>, C4<0>, C4<0>;
v0x55dac7032860_0 .net/2u *"_ivl_32", 1 0, L_0x7f76e64bb330;  1 drivers
v0x55dac7032940_0 .net *"_ivl_34", 0 0, L_0x55dac70452b0;  1 drivers
L_0x7f76e64bb378 .functor BUFT 1, C4<01>, C4<0>, C4<0>, C4<0>;
v0x55dac7032a00_0 .net/2u *"_ivl_36", 1 0, L_0x7f76e64bb378;  1 drivers
v0x55dac7032ae0_0 .net *"_ivl_38", 0 0, L_0x55dac70453f0;  1 drivers
v0x55dac7032ba0_0 .net *"_ivl_40", 31 0, L_0x55dac7045560;  1 drivers
v0x55dac7032c80_0 .net *"_ivl_48", 0 0, L_0x55dac7009ed0;  1 drivers
v0x55dac7032d60_0 .net *"_ivl_54", 31 0, L_0x55dac7046060;  1 drivers
v0x55dac7032e40_0 .net "clk", 0 0, v0x55dac70331f0_0;  1 drivers
v0x55dac7032f30_0 .net "rst_n", 0 0, v0x55dac7033370_0;  1 drivers
L_0x55dac70434f0 .arith/sum 32, v0x55dac7031b50_0, L_0x7f76e64bb018;
L_0x55dac7043610 .functor MUXZ 32, L_0x55dac70434f0, L_0x55dac7045c30, L_0x55dac6fd0d40, C4<>;
L_0x55dac7043960 .part v0x55dac702e9a0_0, 0, 7;
L_0x55dac7043aa0 .part v0x55dac702e9a0_0, 7, 5;
L_0x55dac7043b70 .part v0x55dac702e9a0_0, 12, 3;
L_0x55dac7043c60 .part v0x55dac702e9a0_0, 15, 5;
L_0x55dac7043d40 .part v0x55dac702e9a0_0, 20, 5;
L_0x55dac7043de0 .part v0x55dac702e9a0_0, 25, 7;
L_0x55dac7044d30 .cmp/eq 2, v0x55dac702ade0_0, L_0x7f76e64bb2a0;
L_0x55dac7044e70 .cmp/eq 2, v0x55dac702ade0_0, L_0x7f76e64bb2e8;
L_0x55dac7044fc0 .functor MUXZ 32, v0x55dac7030640_0, L_0x55dac7046100, L_0x55dac7044e70, C4<>;
L_0x55dac70450b0 .functor MUXZ 32, L_0x55dac7044fc0, v0x55dac7031020_0, L_0x55dac7044d30, C4<>;
L_0x55dac70452b0 .cmp/eq 2, v0x55dac702aea0_0, L_0x7f76e64bb330;
L_0x55dac70453f0 .cmp/eq 2, v0x55dac702aea0_0, L_0x7f76e64bb378;
L_0x55dac7045560 .functor MUXZ 32, v0x55dac70307f0_0, L_0x55dac7046100, L_0x55dac70453f0, C4<>;
L_0x55dac7045650 .functor MUXZ 32, L_0x55dac7045560, v0x55dac7031020_0, L_0x55dac70452b0, C4<>;
L_0x55dac70458c0 .functor MUXZ 32, L_0x55dac7045650, v0x55dac702fd90_0, v0x55dac702f740_0, C4<>;
L_0x55dac7045c30 .arith/sum 32, v0x55dac702f460_0, v0x55dac702fd90_0;
L_0x55dac7046060 .functor MUXZ 32, v0x55dac7031d80_0, v0x55dac7031f20_0, v0x55dac7032000_0, C4<>;
L_0x55dac7046100 .functor MUXZ 32, L_0x55dac7046060, v0x55dac7031cc0_0, v0x55dac7031e60_0, C4<>;
S_0x55dac6fe62f0 .scope module, "ALU_UNIT" "alu" 3 206, 3 472 0, S_0x55dac6ff8c70;
 .timescale 0 0;
    .port_info 0 /INPUT 32 "src_a";
    .port_info 1 /INPUT 32 "src_b";
    .port_info 2 /INPUT 4 "alu_control";
    .port_info 3 /OUTPUT 32 "alu_result";
    .port_info 4 /OUTPUT 1 "zero";
L_0x55dac7007390 .functor BUFZ 32, L_0x55dac7045150, C4<00000000000000000000000000000000>, C4<00000000000000000000000000000000>, C4<00000000000000000000000000000000>;
L_0x55dac7008b30 .functor BUFZ 32, L_0x55dac70458c0, C4<00000000000000000000000000000000>, C4<00000000000000000000000000000000>, C4<00000000000000000000000000000000>;
L_0x7f76e64bb3c0 .functor BUFT 1, C4<00000000000000000000000000000000>, C4<0>, C4<0>, C4<0>;
v0x55dac70113e0_0 .net/2u *"_ivl_6", 31 0, L_0x7f76e64bb3c0;  1 drivers
v0x55dac70031f0_0 .net "alu_control", 3 0, v0x55dac702f670_0;  1 drivers
v0x55dac7004360_0 .var "alu_result", 31 0;
v0x55dac70074b0_0 .net "shamt", 4 0, L_0x55dac7045a00;  1 drivers
v0x55dac7008c50_0 .net/s "signed_a", 31 0, L_0x55dac7007390;  1 drivers
v0x55dac7009ff0_0 .net/s "signed_b", 31 0, L_0x55dac7008b30;  1 drivers
v0x55dac70286a0_0 .net "src_a", 31 0, L_0x55dac7045150;  alias, 1 drivers
v0x55dac7028780_0 .net "src_b", 31 0, L_0x55dac70458c0;  alias, 1 drivers
v0x55dac7028860_0 .net "zero", 0 0, L_0x55dac7045aa0;  alias, 1 drivers
E_0x55dac700f020/0 .event anyedge, v0x55dac70031f0_0, v0x55dac70286a0_0, v0x55dac7028780_0, v0x55dac7008c50_0;
E_0x55dac700f020/1 .event anyedge, v0x55dac7009ff0_0, v0x55dac70074b0_0;
E_0x55dac700f020 .event/or E_0x55dac700f020/0, E_0x55dac700f020/1;
L_0x55dac7045a00 .part L_0x55dac70458c0, 0, 5;
L_0x55dac7045aa0 .cmp/eq 32, v0x55dac7004360_0, L_0x7f76e64bb3c0;
S_0x55dac70289c0 .scope module, "CTRL" "control_unit" 3 118, 3 505 0, S_0x55dac6ff8c70;
 .timescale 0 0;
    .port_info 0 /INPUT 7 "opcode";
    .port_info 1 /INPUT 3 "funct3";
    .port_info 2 /INPUT 7 "funct7";
    .port_info 3 /OUTPUT 1 "regwrite";
    .port_info 4 /OUTPUT 1 "memwrite";
    .port_info 5 /OUTPUT 1 "memread";
    .port_info 6 /OUTPUT 1 "branch";
    .port_info 7 /OUTPUT 1 "alusrc";
    .port_info 8 /OUTPUT 1 "memtoreg";
    .port_info 9 /OUTPUT 1 "jump";
    .port_info 10 /OUTPUT 1 "lui";
    .port_info 11 /OUTPUT 4 "alucontrol";
v0x55dac7028cf0_0 .var "alucontrol", 3 0;
v0x55dac7028df0_0 .var "aluop", 2 0;
v0x55dac7028ed0_0 .var "alusrc", 0 0;
v0x55dac7028f70_0 .var "branch", 0 0;
v0x55dac7029030_0 .net "funct3", 2 0, L_0x55dac7043b70;  alias, 1 drivers
v0x55dac7029160_0 .net "funct7", 6 0, L_0x55dac7043de0;  alias, 1 drivers
v0x55dac7029240_0 .var "jump", 0 0;
v0x55dac7029300_0 .var "lui", 0 0;
v0x55dac70293c0_0 .var "memread", 0 0;
v0x55dac7029480_0 .var "memtoreg", 0 0;
v0x55dac7029540_0 .var "memwrite", 0 0;
v0x55dac7029600_0 .net "opcode", 6 0, L_0x55dac7043960;  alias, 1 drivers
v0x55dac70296e0_0 .var "regwrite", 0 0;
E_0x55dac6ffa010 .event anyedge, v0x55dac7028df0_0, v0x55dac7029030_0, v0x55dac7029600_0, v0x55dac7029160_0;
E_0x55dac6ffa680 .event anyedge, v0x55dac7029600_0;
S_0x55dac7029920 .scope module, "DMEM" "data_memory" 3 247, 3 427 0, S_0x55dac6ff8c70;
 .timescale 0 0;
    .port_info 0 /INPUT 1 "clk";
    .port_info 1 /INPUT 32 "addr";
    .port_info 2 /INPUT 32 "write_data";
    .port_info 3 /INPUT 1 "mem_write";
    .port_info 4 /OUTPUT 32 "read_data";
P_0x55dac7029ab0 .param/l "MEM_DEPTH" 0 3 434, +C4<00000000000000000000010000000000>;
L_0x55dac7045cd0 .functor BUFZ 32, L_0x55dac7045e80, C4<00000000000000000000000000000000>, C4<00000000000000000000000000000000>, C4<00000000000000000000000000000000>;
v0x55dac7029b70 .array "RAM", 1023 0, 31 0;
v0x55dac7029c50_0 .net *"_ivl_0", 31 0, L_0x55dac7045e80;  1 drivers
v0x55dac7029d30_0 .net *"_ivl_3", 29 0, L_0x55dac7045f20;  1 drivers
v0x55dac7029e20_0 .net "addr", 31 0, v0x55dac7031020_0;  1 drivers
v0x55dac7029f00_0 .net "clk", 0 0, v0x55dac70331f0_0;  alias, 1 drivers
v0x55dac702a010_0 .net "mem_write", 0 0, v0x55dac7031400_0;  1 drivers
v0x55dac702a0d0_0 .net "read_data", 31 0, L_0x55dac7045cd0;  alias, 1 drivers
v0x55dac702a1b0_0 .net "write_data", 31 0, v0x55dac7031670_0;  1 drivers
E_0x55dac6ff3380 .event posedge, v0x55dac7029f00_0;
L_0x55dac7045e80 .array/port v0x55dac7029b70, L_0x55dac7045f20;
L_0x55dac7045f20 .part v0x55dac7031020_0, 2, 30;
S_0x55dac702a330 .scope module, "EXT" "imm_gen" 3 147, 3 449 0, S_0x55dac6ff8c70;
 .timescale 0 0;
    .port_info 0 /INPUT 32 "instr";
    .port_info 1 /OUTPUT 32 "imm_out";
v0x55dac702a570_0 .var "imm_out", 31 0;
v0x55dac702a670_0 .net "instr", 31 0, v0x55dac702e9a0_0;  1 drivers
v0x55dac702a750_0 .net "opcode", 6 0, L_0x55dac7044c90;  1 drivers
E_0x55dac700f060 .event anyedge, v0x55dac702a750_0, v0x55dac702a670_0;
L_0x55dac7044c90 .part v0x55dac702e9a0_0, 0, 7;
S_0x55dac702a870 .scope module, "FWD" "forwarding_unit" 3 299, 3 354 0, S_0x55dac6ff8c70;
 .timescale 0 0;
    .port_info 0 /INPUT 5 "E_rs1";
    .port_info 1 /INPUT 5 "E_rs2";
    .port_info 2 /INPUT 5 "M_rd";
    .port_info 3 /INPUT 5 "W_rd";
    .port_info 4 /INPUT 1 "M_regwrite";
    .port_info 5 /INPUT 1 "W_regwrite";
    .port_info 6 /OUTPUT 2 "ForwardA";
    .port_info 7 /OUTPUT 2 "ForwardB";
v0x55dac702ac00_0 .net "E_rs1", 4 0, v0x55dac7030550_0;  1 drivers
v0x55dac702ad00_0 .net "E_rs2", 4 0, v0x55dac7030700_0;  1 drivers
v0x55dac702ade0_0 .var "ForwardA", 1 0;
v0x55dac702aea0_0 .var "ForwardB", 1 0;
v0x55dac702af80_0 .net "M_rd", 4 0, v0x55dac70314d0_0;  1 drivers
v0x55dac702b0b0_0 .net "M_regwrite", 0 0, v0x55dac70315a0_0;  1 drivers
v0x55dac702b170_0 .net "W_rd", 4 0, v0x55dac70320c0_0;  1 drivers
v0x55dac702b250_0 .net "W_regwrite", 0 0, v0x55dac70321d0_0;  1 drivers
E_0x55dac700f2b0/0 .event anyedge, v0x55dac702b0b0_0, v0x55dac702af80_0, v0x55dac702ac00_0, v0x55dac702b250_0;
E_0x55dac700f2b0/1 .event anyedge, v0x55dac702b170_0, v0x55dac702ad00_0;
E_0x55dac700f2b0 .event/or E_0x55dac700f2b0/0, E_0x55dac700f2b0/1;
S_0x55dac702b460 .scope module, "HAZARD" "hazard_detection_unit" 3 287, 3 316 0, S_0x55dac6ff8c70;
 .timescale 0 0;
    .port_info 0 /INPUT 5 "D_rs1";
    .port_info 1 /INPUT 5 "D_rs2";
    .port_info 2 /INPUT 5 "E_rd";
    .port_info 3 /INPUT 1 "E_memread";
    .port_info 4 /INPUT 1 "E_branch_taken";
    .port_info 5 /OUTPUT 1 "PC_en";
    .port_info 6 /OUTPUT 1 "D_stall";
    .port_info 7 /OUTPUT 1 "D_flush";
    .port_info 8 /OUTPUT 1 "E_flush";
v0x55dac702b770_0 .var "D_flush", 0 0;
v0x55dac702b850_0 .net "D_rs1", 4 0, L_0x55dac7043c60;  alias, 1 drivers
v0x55dac702b930_0 .net "D_rs2", 4 0, L_0x55dac7043d40;  alias, 1 drivers
v0x55dac702b9f0_0 .var "D_stall", 0 0;
v0x55dac702bab0_0 .net "E_branch_taken", 0 0, L_0x55dac6fd0d40;  alias, 1 drivers
v0x55dac702bbc0_0 .var "E_flush", 0 0;
v0x55dac702bc80_0 .net "E_memread", 0 0, v0x55dac702fff0_0;  1 drivers
v0x55dac702bd40_0 .net "E_rd", 4 0, v0x55dac70303e0_0;  1 drivers
v0x55dac702be20_0 .var "PC_en", 0 0;
E_0x55dac700f6a0/0 .event anyedge, v0x55dac702bab0_0, v0x55dac702bc80_0, v0x55dac702bd40_0, v0x55dac702b850_0;
E_0x55dac700f6a0/1 .event anyedge, v0x55dac702b930_0;
E_0x55dac700f6a0 .event/or E_0x55dac700f6a0/0, E_0x55dac700f6a0/1;
S_0x55dac702c000 .scope module, "IMEM" "instruction_memory" 3 82, 3 411 0, S_0x55dac6ff8c70;
 .timescale 0 0;
    .port_info 0 /INPUT 32 "addr";
    .port_info 1 /OUTPUT 32 "instr";
P_0x55dac702c190 .param/l "MEM_DEPTH" 0 3 415, +C4<00000000000000000000010000000000>;
L_0x55dac7004240 .functor BUFZ 32, L_0x55dac7043750, C4<00000000000000000000000000000000>, C4<00000000000000000000000000000000>, C4<00000000000000000000000000000000>;
v0x55dac702c290 .array "RAM", 1023 0, 31 0;
v0x55dac702c370_0 .net *"_ivl_0", 31 0, L_0x55dac7043750;  1 drivers
v0x55dac702c450_0 .net *"_ivl_3", 29 0, L_0x55dac7043820;  1 drivers
v0x55dac702c540_0 .net "addr", 31 0, v0x55dac7031b50_0;  alias, 1 drivers
v0x55dac702c620_0 .net "instr", 31 0, L_0x55dac7004240;  alias, 1 drivers
L_0x55dac7043750 .array/port v0x55dac702c290, L_0x55dac7043820;
L_0x55dac7043820 .part v0x55dac7031b50_0, 2, 30;
S_0x55dac702c7b0 .scope module, "RF" "register_file" 3 134, 3 384 0, S_0x55dac6ff8c70;
 .timescale 0 0;
    .port_info 0 /INPUT 1 "clk";
    .port_info 1 /INPUT 1 "rst_n";
    .port_info 2 /INPUT 5 "ra1";
    .port_info 3 /INPUT 5 "ra2";
    .port_info 4 /INPUT 5 "wa";
    .port_info 5 /INPUT 32 "wd";
    .port_info 6 /INPUT 1 "we";
    .port_info 7 /OUTPUT 32 "rd1";
    .port_info 8 /OUTPUT 32 "rd2";
v0x55dac702cb20_0 .net *"_ivl_0", 31 0, L_0x55dac7043ed0;  1 drivers
v0x55dac702cc20_0 .net *"_ivl_10", 31 0, L_0x55dac7044140;  1 drivers
v0x55dac702cd00_0 .net *"_ivl_12", 6 0, L_0x55dac70441e0;  1 drivers
L_0x7f76e64bb138 .functor BUFT 1, C4<00>, C4<0>, C4<0>, C4<0>;
v0x55dac702cdc0_0 .net *"_ivl_15", 1 0, L_0x7f76e64bb138;  1 drivers
v0x55dac702cea0_0 .net *"_ivl_18", 31 0, L_0x55dac7044580;  1 drivers
L_0x7f76e64bb180 .functor BUFT 1, C4<000000000000000000000000000>, C4<0>, C4<0>, C4<0>;
v0x55dac702cfd0_0 .net *"_ivl_21", 26 0, L_0x7f76e64bb180;  1 drivers
L_0x7f76e64bb1c8 .functor BUFT 1, C4<00000000000000000000000000000000>, C4<0>, C4<0>, C4<0>;
v0x55dac702d0b0_0 .net/2u *"_ivl_22", 31 0, L_0x7f76e64bb1c8;  1 drivers
v0x55dac702d190_0 .net *"_ivl_24", 0 0, L_0x55dac70446f0;  1 drivers
L_0x7f76e64bb210 .functor BUFT 1, C4<00000000000000000000000000000000>, C4<0>, C4<0>, C4<0>;
v0x55dac702d250_0 .net/2u *"_ivl_26", 31 0, L_0x7f76e64bb210;  1 drivers
v0x55dac702d330_0 .net *"_ivl_28", 31 0, L_0x55dac7044830;  1 drivers
L_0x7f76e64bb060 .functor BUFT 1, C4<000000000000000000000000000>, C4<0>, C4<0>, C4<0>;
v0x55dac702d410_0 .net *"_ivl_3", 26 0, L_0x7f76e64bb060;  1 drivers
v0x55dac702d4f0_0 .net *"_ivl_30", 6 0, L_0x55dac7044920;  1 drivers
L_0x7f76e64bb258 .functor BUFT 1, C4<00>, C4<0>, C4<0>, C4<0>;
v0x55dac702d5d0_0 .net *"_ivl_33", 1 0, L_0x7f76e64bb258;  1 drivers
L_0x7f76e64bb0a8 .functor BUFT 1, C4<00000000000000000000000000000000>, C4<0>, C4<0>, C4<0>;
v0x55dac702d6b0_0 .net/2u *"_ivl_4", 31 0, L_0x7f76e64bb0a8;  1 drivers
v0x55dac702d790_0 .net *"_ivl_6", 0 0, L_0x55dac7044000;  1 drivers
L_0x7f76e64bb0f0 .functor BUFT 1, C4<00000000000000000000000000000000>, C4<0>, C4<0>, C4<0>;
v0x55dac702d850_0 .net/2u *"_ivl_8", 31 0, L_0x7f76e64bb0f0;  1 drivers
v0x55dac702d930_0 .net "clk", 0 0, v0x55dac70331f0_0;  alias, 1 drivers
v0x55dac702d9d0_0 .net "ra1", 4 0, L_0x55dac7043c60;  alias, 1 drivers
v0x55dac702daa0_0 .net "ra2", 4 0, L_0x55dac7043d40;  alias, 1 drivers
v0x55dac702db70_0 .net "rd1", 31 0, L_0x55dac70443a0;  alias, 1 drivers
v0x55dac702dc30_0 .net "rd2", 31 0, L_0x55dac7044af0;  alias, 1 drivers
v0x55dac702dd10 .array "registers", 31 0, 31 0;
v0x55dac702ddd0_0 .net "rst_n", 0 0, v0x55dac7033370_0;  alias, 1 drivers
v0x55dac702de90_0 .net "wa", 4 0, v0x55dac70320c0_0;  alias, 1 drivers
v0x55dac702df80_0 .net "wd", 31 0, L_0x55dac7046100;  alias, 1 drivers
v0x55dac702e040_0 .net "we", 0 0, v0x55dac70321d0_0;  alias, 1 drivers
E_0x55dac702cac0 .event negedge, v0x55dac7029f00_0;
L_0x55dac7043ed0 .concat [ 5 27 0 0], L_0x55dac7043c60, L_0x7f76e64bb060;
L_0x55dac7044000 .cmp/eq 32, L_0x55dac7043ed0, L_0x7f76e64bb0a8;
L_0x55dac7044140 .array/port v0x55dac702dd10, L_0x55dac70441e0;
L_0x55dac70441e0 .concat [ 5 2 0 0], L_0x55dac7043c60, L_0x7f76e64bb138;
L_0x55dac70443a0 .functor MUXZ 32, L_0x55dac7044140, L_0x7f76e64bb0f0, L_0x55dac7044000, C4<>;
L_0x55dac7044580 .concat [ 5 27 0 0], L_0x55dac7043d40, L_0x7f76e64bb180;
L_0x55dac70446f0 .cmp/eq 32, L_0x55dac7044580, L_0x7f76e64bb1c8;
L_0x55dac7044830 .array/port v0x55dac702dd10, L_0x55dac7044920;
L_0x55dac7044920 .concat [ 5 2 0 0], L_0x55dac7043d40, L_0x7f76e64bb258;
L_0x55dac7044af0 .functor MUXZ 32, L_0x55dac7044830, L_0x7f76e64bb210, L_0x55dac70446f0, C4<>;
S_0x55dac7033010 .scope task, "print_registers" "print_registers" 2 99, 2 99 0, S_0x55dac6ff91a0;
 .timescale -9 -12;
TD_tb_rv_pl.print_registers ;
    %vpi_call 2 101 "$display", "\012==========================================" {0 0 0};
    %vpi_call 2 102 "$display", " Final Register File State" {0 0 0};
    %vpi_call 2 103 "$display", "==========================================" {0 0 0};
    %pushi/vec4 0, 0, 32;
    %store/vec4 v0x55dac7033290_0, 0, 32;
T_0.0 ;
    %load/vec4 v0x55dac7033290_0;
    %cmpi/s 32, 0, 32;
    %jmp/0xz T_0.1, 5;
    %load/vec4 v0x55dac7033290_0;
    %pushi/vec4 4, 0, 32;
    %mod/s;
    %cmpi/e 0, 0, 32;
    %jmp/0xz  T_0.2, 4;
    %vpi_call 2 105 "$write", "\012 x%02d: ", v0x55dac7033290_0 {0 0 0};
T_0.2 ;
    %vpi_call 2 106 "$write", "%h ", &A<v0x55dac702dd10, v0x55dac7033290_0 > {0 0 0};
    %load/vec4 v0x55dac7033290_0;
    %addi 1, 0, 32;
    %store/vec4 v0x55dac7033290_0, 0, 32;
    %jmp T_0.0;
T_0.1 ;
    %vpi_call 2 108 "$display", "\012==========================================\012" {0 0 0};
    %vpi_call 2 109 "$display", "Final Memory[0]: %h", &A<v0x55dac7029b70, 0> {0 0 0};
    %end;
    .scope S_0x55dac70289c0;
T_1 ;
    %wait E_0x55dac6ffa680;
    %pushi/vec4 0, 0, 1;
    %store/vec4 v0x55dac70296e0_0, 0, 1;
    %pushi/vec4 0, 0, 1;
    %store/vec4 v0x55dac7029540_0, 0, 1;
    %pushi/vec4 0, 0, 1;
    %store/vec4 v0x55dac70293c0_0, 0, 1;
    %pushi/vec4 0, 0, 1;
    %store/vec4 v0x55dac7028f70_0, 0, 1;
    %pushi/vec4 0, 0, 1;
    %store/vec4 v0x55dac7028ed0_0, 0, 1;
    %pushi/vec4 0, 0, 1;
    %store/vec4 v0x55dac7029480_0, 0, 1;
    %pushi/vec4 0, 0, 1;
    %store/vec4 v0x55dac7029240_0, 0, 1;
    %pushi/vec4 0, 0, 1;
    %store/vec4 v0x55dac7029300_0, 0, 1;
    %pushi/vec4 0, 0, 3;
    %store/vec4 v0x55dac7028df0_0, 0, 3;
    %load/vec4 v0x55dac7029600_0;
    %dup/vec4;
    %pushi/vec4 51, 0, 7;
    %cmp/u;
    %jmp/1 T_1.0, 6;
    %dup/vec4;
    %pushi/vec4 19, 0, 7;
    %cmp/u;
    %jmp/1 T_1.1, 6;
    %dup/vec4;
    %pushi/vec4 3, 0, 7;
    %cmp/u;
    %jmp/1 T_1.2, 6;
    %dup/vec4;
    %pushi/vec4 35, 0, 7;
    %cmp/u;
    %jmp/1 T_1.3, 6;
    %dup/vec4;
    %pushi/vec4 99, 0, 7;
    %cmp/u;
    %jmp/1 T_1.4, 6;
    %dup/vec4;
    %pushi/vec4 55, 0, 7;
    %cmp/u;
    %jmp/1 T_1.5, 6;
    %dup/vec4;
    %pushi/vec4 111, 0, 7;
    %cmp/u;
    %jmp/1 T_1.6, 6;
    %jmp T_1.7;
T_1.0 ;
    %pushi/vec4 1, 0, 1;
    %store/vec4 v0x55dac70296e0_0, 0, 1;
    %pushi/vec4 2, 0, 3;
    %store/vec4 v0x55dac7028df0_0, 0, 3;
    %jmp T_1.7;
T_1.1 ;
    %pushi/vec4 1, 0, 1;
    %store/vec4 v0x55dac70296e0_0, 0, 1;
    %pushi/vec4 1, 0, 1;
    %store/vec4 v0x55dac7028ed0_0, 0, 1;
    %pushi/vec4 2, 0, 3;
    %store/vec4 v0x55dac7028df0_0, 0, 3;
    %jmp T_1.7;
T_1.2 ;
    %pushi/vec4 1, 0, 1;
    %store/vec4 v0x55dac70296e0_0, 0, 1;
    %pushi/vec4 1, 0, 1;
    %store/vec4 v0x55dac7028ed0_0, 0, 1;
    %pushi/vec4 1, 0, 1;
    %store/vec4 v0x55dac70293c0_0, 0, 1;
    %pushi/vec4 1, 0, 1;
    %store/vec4 v0x55dac7029480_0, 0, 1;
    %pushi/vec4 0, 0, 3;
    %store/vec4 v0x55dac7028df0_0, 0, 3;
    %jmp T_1.7;
T_1.3 ;
    %pushi/vec4 1, 0, 1;
    %store/vec4 v0x55dac7029540_0, 0, 1;
    %pushi/vec4 1, 0, 1;
    %store/vec4 v0x55dac7028ed0_0, 0, 1;
    %pushi/vec4 0, 0, 3;
    %store/vec4 v0x55dac7028df0_0, 0, 3;
    %jmp T_1.7;
T_1.4 ;
    %pushi/vec4 1, 0, 1;
    %store/vec4 v0x55dac7028f70_0, 0, 1;
    %pushi/vec4 1, 0, 3;
    %store/vec4 v0x55dac7028df0_0, 0, 3;
    %jmp T_1.7;
T_1.5 ;
    %pushi/vec4 1, 0, 1;
    %store/vec4 v0x55dac70296e0_0, 0, 1;
    %pushi/vec4 1, 0, 1;
    %store/vec4 v0x55dac7028ed0_0, 0, 1;
    %pushi/vec4 1, 0, 1;
    %store/vec4 v0x55dac7029300_0, 0, 1;
    %pushi/vec4 3, 0, 3;
    %store/vec4 v0x55dac7028df0_0, 0, 3;
    %jmp T_1.7;
T_1.6 ;
    %pushi/vec4 1, 0, 1;
    %store/vec4 v0x55dac70296e0_0, 0, 1;
    %pushi/vec4 1, 0, 1;
    %store/vec4 v0x55dac7029240_0, 0, 1;
    %pushi/vec4 4, 0, 3;
    %store/vec4 v0x55dac7028df0_0, 0, 3;
    %jmp T_1.7;
T_1.7 ;
    %pop/vec4 1;
    %jmp T_1;
    .thread T_1, $push;
    .scope S_0x55dac70289c0;
T_2 ;
    %wait E_0x55dac6ffa010;
    %load/vec4 v0x55dac7028df0_0;
    %dup/vec4;
    %pushi/vec4 0, 0, 3;
    %cmp/u;
    %jmp/1 T_2.0, 6;
    %dup/vec4;
    %pushi/vec4 1, 0, 3;
    %cmp/u;
    %jmp/1 T_2.1, 6;
    %dup/vec4;
    %pushi/vec4 3, 0, 3;
    %cmp/u;
    %jmp/1 T_2.2, 6;
    %dup/vec4;
    %pushi/vec4 4, 0, 3;
    %cmp/u;
    %jmp/1 T_2.3, 6;
    %dup/vec4;
    %pushi/vec4 2, 0, 3;
    %cmp/u;
    %jmp/1 T_2.4, 6;
    %pushi/vec4 0, 0, 4;
    %store/vec4 v0x55dac7028cf0_0, 0, 4;
    %jmp T_2.6;
T_2.0 ;
    %pushi/vec4 2, 0, 4;
    %store/vec4 v0x55dac7028cf0_0, 0, 4;
    %jmp T_2.6;
T_2.1 ;
    %pushi/vec4 3, 0, 4;
    %store/vec4 v0x55dac7028cf0_0, 0, 4;
    %jmp T_2.6;
T_2.2 ;
    %pushi/vec4 11, 0, 4;
    %store/vec4 v0x55dac7028cf0_0, 0, 4;
    %jmp T_2.6;
T_2.3 ;
    %pushi/vec4 2, 0, 4;
    %store/vec4 v0x55dac7028cf0_0, 0, 4;
    %jmp T_2.6;
T_2.4 ;
    %load/vec4 v0x55dac7029030_0;
    %dup/vec4;
    %pushi/vec4 0, 0, 3;
    %cmp/u;
    %jmp/1 T_2.7, 6;
    %dup/vec4;
    %pushi/vec4 1, 0, 3;
    %cmp/u;
    %jmp/1 T_2.8, 6;
    %dup/vec4;
    %pushi/vec4 2, 0, 3;
    %cmp/u;
    %jmp/1 T_2.9, 6;
    %dup/vec4;
    %pushi/vec4 3, 0, 3;
    %cmp/u;
    %jmp/1 T_2.10, 6;
    %dup/vec4;
    %pushi/vec4 4, 0, 3;
    %cmp/u;
    %jmp/1 T_2.11, 6;
    %dup/vec4;
    %pushi/vec4 5, 0, 3;
    %cmp/u;
    %jmp/1 T_2.12, 6;
    %dup/vec4;
    %pushi/vec4 6, 0, 3;
    %cmp/u;
    %jmp/1 T_2.13, 6;
    %dup/vec4;
    %pushi/vec4 7, 0, 3;
    %cmp/u;
    %jmp/1 T_2.14, 6;
    %pushi/vec4 0, 0, 4;
    %store/vec4 v0x55dac7028cf0_0, 0, 4;
    %jmp T_2.16;
T_2.7 ;
    %load/vec4 v0x55dac7029600_0;
    %cmpi/e 51, 0, 7;
    %flag_get/vec4 4;
    %jmp/0 T_2.19, 4;
    %load/vec4 v0x55dac7029160_0;
    %pushi/vec4 32, 0, 7;
    %cmp/e;
    %flag_get/vec4 4;
    %and;
T_2.19;
    %flag_set/vec4 8;
    %jmp/0xz  T_2.17, 8;
    %pushi/vec4 3, 0, 4;
    %store/vec4 v0x55dac7028cf0_0, 0, 4;
    %jmp T_2.18;
T_2.17 ;
    %pushi/vec4 2, 0, 4;
    %store/vec4 v0x55dac7028cf0_0, 0, 4;
T_2.18 ;
    %jmp T_2.16;
T_2.8 ;
    %pushi/vec4 7, 0, 4;
    %store/vec4 v0x55dac7028cf0_0, 0, 4;
    %jmp T_2.16;
T_2.9 ;
    %pushi/vec4 4, 0, 4;
    %store/vec4 v0x55dac7028cf0_0, 0, 4;
    %jmp T_2.16;
T_2.10 ;
    %pushi/vec4 5, 0, 4;
    %store/vec4 v0x55dac7028cf0_0, 0, 4;
    %jmp T_2.16;
T_2.11 ;
    %pushi/vec4 6, 0, 4;
    %store/vec4 v0x55dac7028cf0_0, 0, 4;
    %jmp T_2.16;
T_2.12 ;
    %load/vec4 v0x55dac7029160_0;
    %cmpi/e 32, 0, 7;
    %jmp/0xz  T_2.20, 4;
    %pushi/vec4 9, 0, 4;
    %store/vec4 v0x55dac7028cf0_0, 0, 4;
    %jmp T_2.21;
T_2.20 ;
    %pushi/vec4 8, 0, 4;
    %store/vec4 v0x55dac7028cf0_0, 0, 4;
T_2.21 ;
    %jmp T_2.16;
T_2.13 ;
    %pushi/vec4 1, 0, 4;
    %store/vec4 v0x55dac7028cf0_0, 0, 4;
    %jmp T_2.16;
T_2.14 ;
    %pushi/vec4 0, 0, 4;
    %store/vec4 v0x55dac7028cf0_0, 0, 4;
    %jmp T_2.16;
T_2.16 ;
    %pop/vec4 1;
    %jmp T_2.6;
T_2.6 ;
    %pop/vec4 1;
    %jmp T_2;
    .thread T_2, $push;
    .scope S_0x55dac702c7b0;
T_3 ;
    %wait E_0x55dac702cac0;
    %load/vec4 v0x55dac702e040_0;
    %flag_set/vec4 9;
    %flag_get/vec4 9;
    %jmp/0 T_3.2, 9;
    %load/vec4 v0x55dac702de90_0;
    %pad/u 32;
    %pushi/vec4 0, 0, 32;
    %cmp/ne;
    %flag_get/vec4 4;
    %and;
T_3.2;
    %flag_set/vec4 8;
    %jmp/0xz  T_3.0, 8;
    %load/vec4 v0x55dac702df80_0;
    %load/vec4 v0x55dac702de90_0;
    %pad/u 7;
    %ix/vec4 3;
    %ix/load 4, 0, 0; Constant delay
    %assign/vec4/a/d v0x55dac702dd10, 0, 4;
T_3.0 ;
    %jmp T_3;
    .thread T_3;
    .scope S_0x55dac702a330;
T_4 ;
    %wait E_0x55dac700f060;
    %load/vec4 v0x55dac702a750_0;
    %dup/vec4;
    %pushi/vec4 19, 0, 7;
    %cmp/u;
    %jmp/1 T_4.0, 6;
    %dup/vec4;
    %pushi/vec4 3, 0, 7;
    %cmp/u;
    %jmp/1 T_4.1, 6;
    %dup/vec4;
    %pushi/vec4 35, 0, 7;
    %cmp/u;
    %jmp/1 T_4.2, 6;
    %dup/vec4;
    %pushi/vec4 99, 0, 7;
    %cmp/u;
    %jmp/1 T_4.3, 6;
    %dup/vec4;
    %pushi/vec4 111, 0, 7;
    %cmp/u;
    %jmp/1 T_4.4, 6;
    %dup/vec4;
    %pushi/vec4 55, 0, 7;
    %cmp/u;
    %jmp/1 T_4.5, 6;
    %pushi/vec4 0, 0, 32;
    %store/vec4 v0x55dac702a570_0, 0, 32;
    %jmp T_4.7;
T_4.0 ;
    %load/vec4 v0x55dac702a670_0;
    %parti/s 1, 31, 6;
    %replicate 20;
    %load/vec4 v0x55dac702a670_0;
    %parti/s 12, 20, 6;
    %concat/vec4; draw_concat_vec4
    %store/vec4 v0x55dac702a570_0, 0, 32;
    %jmp T_4.7;
T_4.1 ;
    %load/vec4 v0x55dac702a670_0;
    %parti/s 1, 31, 6;
    %replicate 20;
    %load/vec4 v0x55dac702a670_0;
    %parti/s 12, 20, 6;
    %concat/vec4; draw_concat_vec4
    %store/vec4 v0x55dac702a570_0, 0, 32;
    %jmp T_4.7;
T_4.2 ;
    %load/vec4 v0x55dac702a670_0;
    %parti/s 1, 31, 6;
    %replicate 20;
    %load/vec4 v0x55dac702a670_0;
    %parti/s 7, 25, 6;
    %concat/vec4; draw_concat_vec4
    %load/vec4 v0x55dac702a670_0;
    %parti/s 5, 7, 4;
    %concat/vec4; draw_concat_vec4
    %store/vec4 v0x55dac702a570_0, 0, 32;
    %jmp T_4.7;
T_4.3 ;
    %load/vec4 v0x55dac702a670_0;
    %parti/s 1, 31, 6;
    %replicate 20;
    %load/vec4 v0x55dac702a670_0;
    %parti/s 1, 7, 4;
    %concat/vec4; draw_concat_vec4
    %load/vec4 v0x55dac702a670_0;
    %parti/s 6, 25, 6;
    %concat/vec4; draw_concat_vec4
    %load/vec4 v0x55dac702a670_0;
    %parti/s 4, 8, 5;
    %concat/vec4; draw_concat_vec4
    %concati/vec4 0, 0, 1;
    %store/vec4 v0x55dac702a570_0, 0, 32;
    %jmp T_4.7;
T_4.4 ;
    %load/vec4 v0x55dac702a670_0;
    %parti/s 1, 31, 6;
    %replicate 12;
    %load/vec4 v0x55dac702a670_0;
    %parti/s 8, 12, 5;
    %concat/vec4; draw_concat_vec4
    %load/vec4 v0x55dac702a670_0;
    %parti/s 1, 20, 6;
    %concat/vec4; draw_concat_vec4
    %load/vec4 v0x55dac702a670_0;
    %parti/s 10, 21, 6;
    %concat/vec4; draw_concat_vec4
    %concati/vec4 0, 0, 1;
    %store/vec4 v0x55dac702a570_0, 0, 32;
    %jmp T_4.7;
T_4.5 ;
    %load/vec4 v0x55dac702a670_0;
    %parti/s 20, 12, 5;
    %concati/vec4 0, 0, 12;
    %store/vec4 v0x55dac702a570_0, 0, 32;
    %jmp T_4.7;
T_4.7 ;
    %pop/vec4 1;
    %jmp T_4;
    .thread T_4, $push;
    .scope S_0x55dac6fe62f0;
T_5 ;
    %wait E_0x55dac700f020;
    %load/vec4 v0x55dac70031f0_0;
    %dup/vec4;
    %pushi/vec4 0, 0, 4;
    %cmp/u;
    %jmp/1 T_5.0, 6;
    %dup/vec4;
    %pushi/vec4 1, 0, 4;
    %cmp/u;
    %jmp/1 T_5.1, 6;
    %dup/vec4;
    %pushi/vec4 2, 0, 4;
    %cmp/u;
    %jmp/1 T_5.2, 6;
    %dup/vec4;
    %pushi/vec4 3, 0, 4;
    %cmp/u;
    %jmp/1 T_5.3, 6;
    %dup/vec4;
    %pushi/vec4 4, 0, 4;
    %cmp/u;
    %jmp/1 T_5.4, 6;
    %dup/vec4;
    %pushi/vec4 5, 0, 4;
    %cmp/u;
    %jmp/1 T_5.5, 6;
    %dup/vec4;
    %pushi/vec4 6, 0, 4;
    %cmp/u;
    %jmp/1 T_5.6, 6;
    %dup/vec4;
    %pushi/vec4 7, 0, 4;
    %cmp/u;
    %jmp/1 T_5.7, 6;
    %dup/vec4;
    %pushi/vec4 8, 0, 4;
    %cmp/u;
    %jmp/1 T_5.8, 6;
    %dup/vec4;
    %pushi/vec4 9, 0, 4;
    %cmp/u;
    %jmp/1 T_5.9, 6;
    %dup/vec4;
    %pushi/vec4 11, 0, 4;
    %cmp/u;
    %jmp/1 T_5.10, 6;
    %pushi/vec4 0, 0, 32;
    %store/vec4 v0x55dac7004360_0, 0, 32;
    %jmp T_5.12;
T_5.0 ;
    %load/vec4 v0x55dac70286a0_0;
    %load/vec4 v0x55dac7028780_0;
    %and;
    %store/vec4 v0x55dac7004360_0, 0, 32;
    %jmp T_5.12;
T_5.1 ;
    %load/vec4 v0x55dac70286a0_0;
    %load/vec4 v0x55dac7028780_0;
    %or;
    %store/vec4 v0x55dac7004360_0, 0, 32;
    %jmp T_5.12;
T_5.2 ;
    %load/vec4 v0x55dac70286a0_0;
    %load/vec4 v0x55dac7028780_0;
    %add;
    %store/vec4 v0x55dac7004360_0, 0, 32;
    %jmp T_5.12;
T_5.3 ;
    %load/vec4 v0x55dac70286a0_0;
    %load/vec4 v0x55dac7028780_0;
    %sub;
    %store/vec4 v0x55dac7004360_0, 0, 32;
    %jmp T_5.12;
T_5.4 ;
    %load/vec4 v0x55dac7008c50_0;
    %load/vec4 v0x55dac7009ff0_0;
    %cmp/s;
    %flag_mov 8, 5;
    %jmp/0 T_5.13, 8;
    %pushi/vec4 1, 0, 32;
    %jmp/1 T_5.14, 8;
T_5.13 ; End of true expr.
    %pushi/vec4 0, 0, 32;
    %jmp/0 T_5.14, 8;
 ; End of false expr.
    %blend;
T_5.14;
    %store/vec4 v0x55dac7004360_0, 0, 32;
    %jmp T_5.12;
T_5.5 ;
    %load/vec4 v0x55dac70286a0_0;
    %load/vec4 v0x55dac7028780_0;
    %cmp/u;
    %flag_mov 8, 5;
    %jmp/0 T_5.15, 8;
    %pushi/vec4 1, 0, 32;
    %jmp/1 T_5.16, 8;
T_5.15 ; End of true expr.
    %pushi/vec4 0, 0, 32;
    %jmp/0 T_5.16, 8;
 ; End of false expr.
    %blend;
T_5.16;
    %store/vec4 v0x55dac7004360_0, 0, 32;
    %jmp T_5.12;
T_5.6 ;
    %load/vec4 v0x55dac70286a0_0;
    %load/vec4 v0x55dac7028780_0;
    %xor;
    %store/vec4 v0x55dac7004360_0, 0, 32;
    %jmp T_5.12;
T_5.7 ;
    %load/vec4 v0x55dac70286a0_0;
    %ix/getv 4, v0x55dac70074b0_0;
    %shiftl 4;
    %store/vec4 v0x55dac7004360_0, 0, 32;
    %jmp T_5.12;
T_5.8 ;
    %load/vec4 v0x55dac70286a0_0;
    %ix/getv 4, v0x55dac70074b0_0;
    %shiftr 4;
    %store/vec4 v0x55dac7004360_0, 0, 32;
    %jmp T_5.12;
T_5.9 ;
    %load/vec4 v0x55dac7008c50_0;
    %ix/getv 4, v0x55dac70074b0_0;
    %shiftr/s 4;
    %store/vec4 v0x55dac7004360_0, 0, 32;
    %jmp T_5.12;
T_5.10 ;
    %load/vec4 v0x55dac7028780_0;
    %store/vec4 v0x55dac7004360_0, 0, 32;
    %jmp T_5.12;
T_5.12 ;
    %pop/vec4 1;
    %jmp T_5;
    .thread T_5, $push;
    .scope S_0x55dac7029920;
T_6 ;
    %wait E_0x55dac6ff3380;
    %load/vec4 v0x55dac702a010_0;
    %flag_set/vec4 8;
    %jmp/0xz  T_6.0, 8;
    %load/vec4 v0x55dac702a1b0_0;
    %load/vec4 v0x55dac7029e20_0;
    %parti/s 30, 2, 3;
    %ix/vec4 3;
    %ix/load 4, 0, 0; Constant delay
    %assign/vec4/a/d v0x55dac7029b70, 0, 4;
T_6.0 ;
    %jmp T_6;
    .thread T_6;
    .scope S_0x55dac702b460;
T_7 ;
    %wait E_0x55dac700f6a0;
    %pushi/vec4 1, 0, 1;
    %store/vec4 v0x55dac702be20_0, 0, 1;
    %pushi/vec4 0, 0, 1;
    %store/vec4 v0x55dac702b9f0_0, 0, 1;
    %pushi/vec4 0, 0, 1;
    %store/vec4 v0x55dac702b770_0, 0, 1;
    %pushi/vec4 0, 0, 1;
    %store/vec4 v0x55dac702bbc0_0, 0, 1;
    %load/vec4 v0x55dac702bab0_0;
    %flag_set/vec4 8;
    %jmp/0xz  T_7.0, 8;
    %pushi/vec4 1, 0, 1;
    %store/vec4 v0x55dac702b770_0, 0, 1;
    %pushi/vec4 1, 0, 1;
    %store/vec4 v0x55dac702bbc0_0, 0, 1;
    %jmp T_7.1;
T_7.0 ;
    %load/vec4 v0x55dac702bc80_0;
    %flag_set/vec4 10;
    %flag_get/vec4 10;
    %jmp/0 T_7.5, 10;
    %load/vec4 v0x55dac702bd40_0;
    %pad/u 32;
    %pushi/vec4 0, 0, 32;
    %cmp/ne;
    %flag_get/vec4 4;
    %and;
T_7.5;
    %flag_set/vec4 9;
    %flag_get/vec4 9;
    %jmp/0 T_7.4, 9;
    %load/vec4 v0x55dac702bd40_0;
    %load/vec4 v0x55dac702b850_0;
    %cmp/e;
    %flag_get/vec4 4;
    %jmp/1 T_7.6, 4;
    %load/vec4 v0x55dac702bd40_0;
    %load/vec4 v0x55dac702b930_0;
    %cmp/e;
    %flag_get/vec4 4;
    %or;
T_7.6;
    %and;
T_7.4;
    %flag_set/vec4 8;
    %jmp/0xz  T_7.2, 8;
    %pushi/vec4 0, 0, 1;
    %store/vec4 v0x55dac702be20_0, 0, 1;
    %pushi/vec4 1, 0, 1;
    %store/vec4 v0x55dac702b9f0_0, 0, 1;
    %pushi/vec4 1, 0, 1;
    %store/vec4 v0x55dac702bbc0_0, 0, 1;
T_7.2 ;
T_7.1 ;
    %jmp T_7;
    .thread T_7, $push;
    .scope S_0x55dac702a870;
T_8 ;
    %wait E_0x55dac700f2b0;
    %pushi/vec4 0, 0, 2;
    %store/vec4 v0x55dac702ade0_0, 0, 2;
    %pushi/vec4 0, 0, 2;
    %store/vec4 v0x55dac702aea0_0, 0, 2;
    %load/vec4 v0x55dac702b0b0_0;
    %flag_set/vec4 10;
    %flag_get/vec4 10;
    %jmp/0 T_8.3, 10;
    %load/vec4 v0x55dac702af80_0;
    %pad/u 32;
    %pushi/vec4 0, 0, 32;
    %cmp/ne;
    %flag_get/vec4 4;
    %and;
T_8.3;
    %flag_set/vec4 9;
    %flag_get/vec4 9;
    %jmp/0 T_8.2, 9;
    %load/vec4 v0x55dac702af80_0;
    %load/vec4 v0x55dac702ac00_0;
    %cmp/e;
    %flag_get/vec4 4;
    %and;
T_8.2;
    %flag_set/vec4 8;
    %jmp/0xz  T_8.0, 8;
    %pushi/vec4 2, 0, 2;
    %store/vec4 v0x55dac702ade0_0, 0, 2;
    %jmp T_8.1;
T_8.0 ;
    %load/vec4 v0x55dac702b250_0;
    %flag_set/vec4 10;
    %flag_get/vec4 10;
    %jmp/0 T_8.7, 10;
    %load/vec4 v0x55dac702b170_0;
    %pad/u 32;
    %pushi/vec4 0, 0, 32;
    %cmp/ne;
    %flag_get/vec4 4;
    %and;
T_8.7;
    %flag_set/vec4 9;
    %flag_get/vec4 9;
    %jmp/0 T_8.6, 9;
    %load/vec4 v0x55dac702b170_0;
    %load/vec4 v0x55dac702ac00_0;
    %cmp/e;
    %flag_get/vec4 4;
    %and;
T_8.6;
    %flag_set/vec4 8;
    %jmp/0xz  T_8.4, 8;
    %pushi/vec4 1, 0, 2;
    %store/vec4 v0x55dac702ade0_0, 0, 2;
T_8.4 ;
T_8.1 ;
    %load/vec4 v0x55dac702b0b0_0;
    %flag_set/vec4 10;
    %flag_get/vec4 10;
    %jmp/0 T_8.11, 10;
    %load/vec4 v0x55dac702af80_0;
    %pad/u 32;
    %pushi/vec4 0, 0, 32;
    %cmp/ne;
    %flag_get/vec4 4;
    %and;
T_8.11;
    %flag_set/vec4 9;
    %flag_get/vec4 9;
    %jmp/0 T_8.10, 9;
    %load/vec4 v0x55dac702af80_0;
    %load/vec4 v0x55dac702ad00_0;
    %cmp/e;
    %flag_get/vec4 4;
    %and;
T_8.10;
    %flag_set/vec4 8;
    %jmp/0xz  T_8.8, 8;
    %pushi/vec4 2, 0, 2;
    %store/vec4 v0x55dac702aea0_0, 0, 2;
    %jmp T_8.9;
T_8.8 ;
    %load/vec4 v0x55dac702b250_0;
    %flag_set/vec4 10;
    %flag_get/vec4 10;
    %jmp/0 T_8.15, 10;
    %load/vec4 v0x55dac702b170_0;
    %pad/u 32;
    %pushi/vec4 0, 0, 32;
    %cmp/ne;
    %flag_get/vec4 4;
    %and;
T_8.15;
    %flag_set/vec4 9;
    %flag_get/vec4 9;
    %jmp/0 T_8.14, 9;
    %load/vec4 v0x55dac702b170_0;
    %load/vec4 v0x55dac702ad00_0;
    %cmp/e;
    %flag_get/vec4 4;
    %and;
T_8.14;
    %flag_set/vec4 8;
    %jmp/0xz  T_8.12, 8;
    %pushi/vec4 1, 0, 2;
    %store/vec4 v0x55dac702aea0_0, 0, 2;
T_8.12 ;
T_8.9 ;
    %jmp T_8;
    .thread T_8, $push;
    .scope S_0x55dac6ff8c70;
T_9 ;
    %wait E_0x55dac6ff3380;
    %load/vec4 v0x55dac7032f30_0;
    %nor/r;
    %flag_set/vec4 8;
    %jmp/0xz  T_9.0, 8;
    %pushi/vec4 0, 0, 32;
    %assign/vec4 v0x55dac7031b50_0, 0;
    %jmp T_9.1;
T_9.0 ;
    %load/vec4 v0x55dac7031bf0_0;
    %flag_set/vec4 8;
    %jmp/0xz  T_9.2, 8;
    %load/vec4 v0x55dac7030b30_0;
    %assign/vec4 v0x55dac7031b50_0, 0;
T_9.2 ;
T_9.1 ;
    %jmp T_9;
    .thread T_9;
    .scope S_0x55dac6ff8c70;
T_10 ;
    %wait E_0x55dac6ff3380;
    %load/vec4 v0x55dac7032f30_0;
    %nor/r;
    %flag_set/vec4 8;
    %jmp/0xz  T_10.0, 8;
    %pushi/vec4 0, 0, 32;
    %assign/vec4 v0x55dac702e210_0, 0;
    %pushi/vec4 0, 0, 32;
    %assign/vec4 v0x55dac702e9a0_0, 0;
    %pushi/vec4 0, 0, 32;
    %assign/vec4 v0x55dac702e310_0, 0;
    %jmp T_10.1;
T_10.0 ;
    %load/vec4 v0x55dac702e660_0;
    %flag_set/vec4 8;
    %jmp/0xz  T_10.2, 8;
    %pushi/vec4 0, 0, 32;
    %assign/vec4 v0x55dac702e210_0, 0;
    %pushi/vec4 0, 0, 32;
    %assign/vec4 v0x55dac702e9a0_0, 0;
    %pushi/vec4 0, 0, 32;
    %assign/vec4 v0x55dac702e310_0, 0;
    %jmp T_10.3;
T_10.2 ;
    %load/vec4 v0x55dac702f390_0;
    %nor/r;
    %flag_set/vec4 8;
    %jmp/0xz  T_10.4, 8;
    %load/vec4 v0x55dac7030a60_0;
    %assign/vec4 v0x55dac702e210_0, 0;
    %load/vec4 v0x55dac7030cd0_0;
    %assign/vec4 v0x55dac702e9a0_0, 0;
    %load/vec4 v0x55dac7030bf0_0;
    %assign/vec4 v0x55dac702e310_0, 0;
T_10.4 ;
T_10.3 ;
T_10.1 ;
    %jmp T_10;
    .thread T_10;
    .scope S_0x55dac6ff8c70;
T_11 ;
    %wait E_0x55dac6ff3380;
    %load/vec4 v0x55dac7032f30_0;
    %nor/r;
    %flag_set/vec4 8;
    %jmp/0xz  T_11.0, 8;
    %pushi/vec4 0, 0, 32;
    %assign/vec4 v0x55dac702f460_0, 0;
    %pushi/vec4 0, 0, 32;
    %assign/vec4 v0x55dac7030640_0, 0;
    %pushi/vec4 0, 0, 32;
    %assign/vec4 v0x55dac70307f0_0, 0;
    %pushi/vec4 0, 0, 32;
    %assign/vec4 v0x55dac702fd90_0, 0;
    %pushi/vec4 0, 0, 32;
    %assign/vec4 v0x55dac702f500_0, 0;
    %pushi/vec4 0, 0, 5;
    %assign/vec4 v0x55dac7030550_0, 0;
    %pushi/vec4 0, 0, 5;
    %assign/vec4 v0x55dac7030700_0, 0;
    %pushi/vec4 0, 0, 5;
    %assign/vec4 v0x55dac70303e0_0, 0;
    %pushi/vec4 0, 0, 4;
    %assign/vec4 v0x55dac702f670_0, 0;
    %pushi/vec4 0, 0, 1;
    %assign/vec4 v0x55dac70304b0_0, 0;
    %pushi/vec4 0, 0, 1;
    %assign/vec4 v0x55dac7030160_0, 0;
    %pushi/vec4 0, 0, 1;
    %assign/vec4 v0x55dac702fff0_0, 0;
    %pushi/vec4 0, 0, 1;
    %assign/vec4 v0x55dac702f7e0_0, 0;
    %pushi/vec4 0, 0, 1;
    %assign/vec4 v0x55dac702f740_0, 0;
    %pushi/vec4 0, 0, 1;
    %assign/vec4 v0x55dac70300c0_0, 0;
    %pushi/vec4 0, 0, 1;
    %assign/vec4 v0x55dac702fe70_0, 0;
    %pushi/vec4 0, 0, 1;
    %assign/vec4 v0x55dac702ff30_0, 0;
    %jmp T_11.1;
T_11.0 ;
    %load/vec4 v0x55dac702f950_0;
    %flag_set/vec4 8;
    %jmp/0xz  T_11.2, 8;
    %pushi/vec4 0, 0, 1;
    %assign/vec4 v0x55dac70304b0_0, 0;
    %pushi/vec4 0, 0, 1;
    %assign/vec4 v0x55dac7030160_0, 0;
    %pushi/vec4 0, 0, 1;
    %assign/vec4 v0x55dac702fff0_0, 0;
    %pushi/vec4 0, 0, 1;
    %assign/vec4 v0x55dac702f7e0_0, 0;
    %pushi/vec4 0, 0, 1;
    %assign/vec4 v0x55dac702fe70_0, 0;
    %pushi/vec4 0, 0, 32;
    %assign/vec4 v0x55dac702f460_0, 0;
    %pushi/vec4 0, 0, 5;
    %assign/vec4 v0x55dac70303e0_0, 0;
    %jmp T_11.3;
T_11.2 ;
    %load/vec4 v0x55dac702e210_0;
    %assign/vec4 v0x55dac702f460_0, 0;
    %load/vec4 v0x55dac702f160_0;
    %assign/vec4 v0x55dac7030640_0, 0;
    %load/vec4 v0x55dac702f2f0_0;
    %assign/vec4 v0x55dac70307f0_0, 0;
    %load/vec4 v0x55dac702e8d0_0;
    %assign/vec4 v0x55dac702fd90_0, 0;
    %load/vec4 v0x55dac702e310_0;
    %assign/vec4 v0x55dac702f500_0, 0;
    %load/vec4 v0x55dac702f0c0_0;
    %assign/vec4 v0x55dac7030550_0, 0;
    %load/vec4 v0x55dac702f200_0;
    %assign/vec4 v0x55dac7030700_0, 0;
    %load/vec4 v0x55dac702ef50_0;
    %assign/vec4 v0x55dac70303e0_0, 0;
    %load/vec4 v0x55dac702e3f0_0;
    %assign/vec4 v0x55dac702f670_0, 0;
    %load/vec4 v0x55dac702eff0_0;
    %assign/vec4 v0x55dac70304b0_0, 0;
    %load/vec4 v0x55dac702edb0_0;
    %assign/vec4 v0x55dac7030160_0, 0;
    %load/vec4 v0x55dac702ec10_0;
    %assign/vec4 v0x55dac702fff0_0, 0;
    %load/vec4 v0x55dac702e5c0_0;
    %assign/vec4 v0x55dac702f7e0_0, 0;
    %load/vec4 v0x55dac702e4f0_0;
    %assign/vec4 v0x55dac702f740_0, 0;
    %load/vec4 v0x55dac702ece0_0;
    %assign/vec4 v0x55dac70300c0_0, 0;
    %load/vec4 v0x55dac702ea70_0;
    %assign/vec4 v0x55dac702fe70_0, 0;
    %load/vec4 v0x55dac702eb40_0;
    %assign/vec4 v0x55dac702ff30_0, 0;
T_11.3 ;
T_11.1 ;
    %jmp T_11;
    .thread T_11;
    .scope S_0x55dac6ff8c70;
T_12 ;
    %wait E_0x55dac6ff3380;
    %load/vec4 v0x55dac7032f30_0;
    %nor/r;
    %flag_set/vec4 8;
    %jmp/0xz  T_12.0, 8;
    %pushi/vec4 0, 0, 32;
    %assign/vec4 v0x55dac7031020_0, 0;
    %pushi/vec4 0, 0, 32;
    %assign/vec4 v0x55dac7031670_0, 0;
    %pushi/vec4 0, 0, 5;
    %assign/vec4 v0x55dac70314d0_0, 0;
    %pushi/vec4 0, 0, 32;
    %assign/vec4 v0x55dac7030f60_0, 0;
    %pushi/vec4 0, 0, 1;
    %assign/vec4 v0x55dac70315a0_0, 0;
    %pushi/vec4 0, 0, 1;
    %assign/vec4 v0x55dac7031400_0, 0;
    %pushi/vec4 0, 0, 1;
    %assign/vec4 v0x55dac70312a0_0, 0;
    %pushi/vec4 0, 0, 1;
    %assign/vec4 v0x55dac7031340_0, 0;
    %pushi/vec4 0, 0, 1;
    %assign/vec4 v0x55dac7031110_0, 0;
    %jmp T_12.1;
T_12.0 ;
    %load/vec4 v0x55dac702f5a0_0;
    %assign/vec4 v0x55dac7031020_0, 0;
    %load/vec4 v0x55dac702fac0_0;
    %assign/vec4 v0x55dac7031670_0, 0;
    %load/vec4 v0x55dac70303e0_0;
    %assign/vec4 v0x55dac70314d0_0, 0;
    %load/vec4 v0x55dac702f500_0;
    %assign/vec4 v0x55dac7030f60_0, 0;
    %load/vec4 v0x55dac70304b0_0;
    %assign/vec4 v0x55dac70315a0_0, 0;
    %load/vec4 v0x55dac7030160_0;
    %assign/vec4 v0x55dac7031400_0, 0;
    %load/vec4 v0x55dac702fff0_0;
    %assign/vec4 v0x55dac70312a0_0, 0;
    %load/vec4 v0x55dac70300c0_0;
    %assign/vec4 v0x55dac7031340_0, 0;
    %load/vec4 v0x55dac702fe70_0;
    %assign/vec4 v0x55dac7031110_0, 0;
T_12.1 ;
    %jmp T_12;
    .thread T_12;
    .scope S_0x55dac6ff8c70;
T_13 ;
    %wait E_0x55dac6ff3380;
    %load/vec4 v0x55dac7032f30_0;
    %nor/r;
    %flag_set/vec4 8;
    %jmp/0xz  T_13.0, 8;
    %pushi/vec4 0, 0, 32;
    %assign/vec4 v0x55dac7031f20_0, 0;
    %pushi/vec4 0, 0, 32;
    %assign/vec4 v0x55dac7031d80_0, 0;
    %pushi/vec4 0, 0, 5;
    %assign/vec4 v0x55dac70320c0_0, 0;
    %pushi/vec4 0, 0, 32;
    %assign/vec4 v0x55dac7031cc0_0, 0;
    %pushi/vec4 0, 0, 1;
    %assign/vec4 v0x55dac70321d0_0, 0;
    %pushi/vec4 0, 0, 1;
    %assign/vec4 v0x55dac7032000_0, 0;
    %pushi/vec4 0, 0, 1;
    %assign/vec4 v0x55dac7031e60_0, 0;
    %jmp T_13.1;
T_13.0 ;
    %load/vec4 v0x55dac70311b0_0;
    %assign/vec4 v0x55dac7031f20_0, 0;
    %load/vec4 v0x55dac7031020_0;
    %assign/vec4 v0x55dac7031d80_0, 0;
    %load/vec4 v0x55dac70314d0_0;
    %assign/vec4 v0x55dac70320c0_0, 0;
    %load/vec4 v0x55dac7030f60_0;
    %assign/vec4 v0x55dac7031cc0_0, 0;
    %load/vec4 v0x55dac70315a0_0;
    %assign/vec4 v0x55dac70321d0_0, 0;
    %load/vec4 v0x55dac7031340_0;
    %assign/vec4 v0x55dac7032000_0, 0;
    %load/vec4 v0x55dac7031110_0;
    %assign/vec4 v0x55dac7031e60_0, 0;
T_13.1 ;
    %jmp T_13;
    .thread T_13;
    .scope S_0x55dac6ff91a0;
T_14 ;
    %delay 5000, 0;
    %load/vec4 v0x55dac70331f0_0;
    %inv;
    %store/vec4 v0x55dac70331f0_0, 0, 1;
    %jmp T_14;
    .thread T_14;
    .scope S_0x55dac6ff91a0;
T_15 ;
    %vpi_call 2 33 "$dumpfile", "rv_pl_waveform.vcd" {0 0 0};
    %vpi_call 2 34 "$dumpvars", 32'sb00000000000000000000000000000000, S_0x55dac6ff91a0 {0 0 0};
    %pushi/vec4 0, 0, 1;
    %store/vec4 v0x55dac70331f0_0, 0, 1;
    %pushi/vec4 0, 0, 1;
    %store/vec4 v0x55dac7033370_0, 0, 1;
    %vpi_call 2 42 "$display", "Loading program.hex..." {0 0 0};
    %vpi_call 2 44 "$readmemh", "program.hex", v0x55dac702c290 {0 0 0};
    %pushi/vec4 0, 0, 32;
    %store/vec4 v0x55dac7033290_0, 0, 32;
T_15.0 ;
    %load/vec4 v0x55dac7033290_0;
    %cmpi/s 1024, 0, 32;
    %jmp/0xz T_15.1, 5;
    %pushi/vec4 0, 0, 32;
    %ix/getv/s 4, v0x55dac7033290_0;
    %store/vec4a v0x55dac7029b70, 4, 0;
    %load/vec4 v0x55dac7033290_0;
    %addi 1, 0, 32;
    %store/vec4 v0x55dac7033290_0, 0, 32;
    %jmp T_15.0;
T_15.1 ;
    %pushi/vec4 0, 0, 32;
    %store/vec4 v0x55dac7033290_0, 0, 32;
T_15.2 ;
    %load/vec4 v0x55dac7033290_0;
    %cmpi/s 32, 0, 32;
    %jmp/0xz T_15.3, 5;
    %pushi/vec4 0, 0, 32;
    %ix/getv/s 4, v0x55dac7033290_0;
    %store/vec4a v0x55dac702dd10, 4, 0;
    %load/vec4 v0x55dac7033290_0;
    %addi 1, 0, 32;
    %store/vec4 v0x55dac7033290_0, 0, 32;
    %jmp T_15.2;
T_15.3 ;
    %vpi_call 2 51 "$display", "Resetting Processor..." {0 0 0};
    %delay 20000, 0;
    %pushi/vec4 1, 0, 1;
    %store/vec4 v0x55dac7033370_0, 0, 1;
    %vpi_call 2 54 "$display", "Processor Running..." {0 0 0};
    %delay 1500000, 0;
    %vpi_call 2 60 "$display", "\012--- Simulation Time Limit Reached ---" {0 0 0};
    %fork TD_tb_rv_pl.print_registers, S_0x55dac7033010;
    %join;
    %vpi_call 2 62 "$finish" {0 0 0};
    %end;
    .thread T_15;
    .scope S_0x55dac6ff91a0;
T_16 ;
    %wait E_0x55dac6ff3380;
    %load/vec4 v0x55dac7033370_0;
    %flag_set/vec4 8;
    %jmp/0xz  T_16.0, 8;
    %load/vec4 v0x55dac70321d0_0;
    %flag_set/vec4 9;
    %flag_get/vec4 9;
    %jmp/0 T_16.4, 9;
    %load/vec4 v0x55dac70320c0_0;
    %pad/u 32;
    %pushi/vec4 0, 0, 32;
    %cmp/ne;
    %flag_get/vec4 4;
    %and;
T_16.4;
    %flag_set/vec4 8;
    %jmp/0xz  T_16.2, 8;
    %vpi_call 2 74 "$display", "[%0t ns] WB: Reg x%0d <= 0x%h", $time, v0x55dac70320c0_0, v0x55dac70322c0_0 {0 0 0};
    %jmp T_16.3;
T_16.2 ;
    %load/vec4 v0x55dac7031400_0;
    %flag_set/vec4 8;
    %jmp/0xz  T_16.5, 8;
    %vpi_call 2 80 "$display", "[%0t ns] MA: Memory Store [Addr: 0x%h] <= Data: 0x%h", $time, v0x55dac7031020_0, v0x55dac7031670_0 {0 0 0};
    %jmp T_16.6;
T_16.5 ;
    %load/vec4 v0x55dac7031e60_0;
    %flag_set/vec4 8;
    %jmp/0xz  T_16.7, 8;
    %vpi_call 2 86 "$display", "[%0t ns] WB: Jump Link Addr Saved", $time {0 0 0};
T_16.7 ;
T_16.6 ;
T_16.3 ;
    %load/vec4 v0x55dac702b9f0_0;
    %flag_set/vec4 8;
    %jmp/0xz  T_16.9, 8;
    %vpi_call 2 91 "$display", "\011\011>> STALL (Load-Use) <<" {0 0 0};
T_16.9 ;
    %load/vec4 v0x55dac702bbc0_0;
    %flag_set/vec4 8;
    %jmp/0xz  T_16.11, 8;
    %vpi_call 2 94 "$display", "\011\011>> FLUSH (Control/Branch) <<" {0 0 0};
T_16.11 ;
T_16.0 ;
    %jmp T_16;
    .thread T_16;
# The file index is used to find the file name in the following table.
:file_names 4;
    "N/A";
    "<interactive>";
    "tb_rv_pl.v";
    "./rv_pl.v";
