Time resolution is 1 ps
--------------------------------------------------
[PS HOST] Phase 1: Initialization & Injection
[PS HOST] Loaded sort.hex into I-BRAM.
[PS HOST] Generating 32 random signed integers...
--------------------------------------------------
[PS HOST] Phase 2: Execution
[PS HOST] Released Reset. RISC-V Core is now running...
[PS HOST] Phase 3: Verification (Polling Status Flag...)
--------------------------------------------------
[PS HOST] Magic Number Detected! Core execution finished.
[PS HOST] Retrieving results and performing Automated Checking...
DRAM: -2071669239, Golden: -2071669239
DRAM: -1993157102, Golden: -1993157102
DRAM: -1992863214, Golden: -1992863214
DRAM: -1767155667, Golden: -1767155667
DRAM: -1309711773, Golden: -1309711773
DRAM: -1309649309, Golden: -1309649309
DRAM: -1297668507, Golden: -1297668507
DRAM: -1295874971, Golden: -1295874971
DRAM: -1143836041, Golden: -1143836041
DRAM: -1064739199, Golden: -1064739199
DRAM: -720121174, Golden: -720121174
DRAM: -561108803, Golden: -561108803
DRAM: -490058043, Golden: -490058043
DRAM: -487095099, Golden: -487095099
DRAM: -482925370, Golden: -482925370
DRAM: -411658546, Golden: -411658546
DRAM: -201295128, Golden: -201295128
DRAM: 15983361, Golden: 15983361
DRAM: 91457290, Golden: 91457290
DRAM: 112818957, Golden: 112818957
DRAM: 114806029, Golden: 114806029
DRAM: 303379748, Golden: 303379748
DRAM: 512609597, Golden: 512609597
DRAM: 777537884, Golden: 777537884
DRAM: 992211318, Golden: 992211318
DRAM: 1177417612, Golden: 1177417612
DRAM: 1189058957, Golden: 1189058957
DRAM: 1206705039, Golden: 1206705039
DRAM: 1924134885, Golden: 1924134885
DRAM: 1993627629, Golden: 1993627629
DRAM: 2033215986, Golden: 2033215986
DRAM: 2097015289, Golden: 2097015289
========================================
                SUCCESS!                
========================================
$finish called at time : 71185 ns : File "c:/Users/tbnrs/Documents/Development/hdl_group_project/tb-rv-pl.v" Line 171
